Archive member included to satisfy reference by file (symbol)

/opt/Atollic_TrueSTUDIO_for_STM32_x86_64_9.1.0/ARMTools/bin/../lib/gcc/arm-atollic-eabi/6.3.1/../../../../arm-atollic-eabi/lib/armv7e-m/fpu/fpv5-d16/libc_nano.a(lib_a-atoi.o)
                              Middlewares/ST/STM32_SPWF0xSy/Utils/spwf04WiFi.o (atoi)
/opt/Atollic_TrueSTUDIO_for_STM32_x86_64_9.1.0/ARMTools/bin/../lib/gcc/arm-atollic-eabi/6.3.1/../../../../arm-atollic-eabi/lib/armv7e-m/fpu/fpv5-d16/libc_nano.a(lib_a-errno.o)
                              Src/syscalls.o (__errno)
/opt/Atollic_TrueSTUDIO_for_STM32_x86_64_9.1.0/ARMTools/bin/../lib/gcc/arm-atollic-eabi/6.3.1/../../../../arm-atollic-eabi/lib/armv7e-m/fpu/fpv5-d16/libc_nano.a(lib_a-fflush.o)
                              Src/console.o (fflush)
/opt/Atollic_TrueSTUDIO_for_STM32_x86_64_9.1.0/ARMTools/bin/../lib/gcc/arm-atollic-eabi/6.3.1/../../../../arm-atollic-eabi/lib/armv7e-m/fpu/fpv5-d16/libc_nano.a(lib_a-findfp.o)
                              /opt/Atollic_TrueSTUDIO_for_STM32_x86_64_9.1.0/ARMTools/bin/../lib/gcc/arm-atollic-eabi/6.3.1/../../../../arm-atollic-eabi/lib/armv7e-m/fpu/fpv5-d16/libc_nano.a(lib_a-fflush.o) (__sinit)
/opt/Atollic_TrueSTUDIO_for_STM32_x86_64_9.1.0/ARMTools/bin/../lib/gcc/arm-atollic-eabi/6.3.1/../../../../arm-atollic-eabi/lib/armv7e-m/fpu/fpv5-d16/libc_nano.a(lib_a-fwalk.o)
                              /opt/Atollic_TrueSTUDIO_for_STM32_x86_64_9.1.0/ARMTools/bin/../lib/gcc/arm-atollic-eabi/6.3.1/../../../../arm-atollic-eabi/lib/armv7e-m/fpu/fpv5-d16/libc_nano.a(lib_a-findfp.o) (_fwalk)
/opt/Atollic_TrueSTUDIO_for_STM32_x86_64_9.1.0/ARMTools/bin/../lib/gcc/arm-atollic-eabi/6.3.1/../../../../arm-atollic-eabi/lib/armv7e-m/fpu/fpv5-d16/libc_nano.a(lib_a-impure.o)
                              /opt/Atollic_TrueSTUDIO_for_STM32_x86_64_9.1.0/ARMTools/bin/../lib/gcc/arm-atollic-eabi/6.3.1/../../../../arm-atollic-eabi/lib/armv7e-m/fpu/fpv5-d16/libc_nano.a(lib_a-fflush.o) (_global_impure_ptr)
/opt/Atollic_TrueSTUDIO_for_STM32_x86_64_9.1.0/ARMTools/bin/../lib/gcc/arm-atollic-eabi/6.3.1/../../../../arm-atollic-eabi/lib/armv7e-m/fpu/fpv5-d16/libc_nano.a(lib_a-init.o)
                              startup/startup_stm32f767xx.o (__libc_init_array)
/opt/Atollic_TrueSTUDIO_for_STM32_x86_64_9.1.0/ARMTools/bin/../lib/gcc/arm-atollic-eabi/6.3.1/../../../../arm-atollic-eabi/lib/armv7e-m/fpu/fpv5-d16/libc_nano.a(lib_a-memchr.o)
                              Middlewares/ST/STM32_SPWF0xSy/wifi_module_uart_04.o (memchr)
/opt/Atollic_TrueSTUDIO_for_STM32_x86_64_9.1.0/ARMTools/bin/../lib/gcc/arm-atollic-eabi/6.3.1/../../../../arm-atollic-eabi/lib/armv7e-m/fpu/fpv5-d16/libc_nano.a(lib_a-memcmp.o)
                              Middlewares/ST/STM32_SPWF0xSy/wifi_module_uart_04.o (memcmp)
/opt/Atollic_TrueSTUDIO_for_STM32_x86_64_9.1.0/ARMTools/bin/../lib/gcc/arm-atollic-eabi/6.3.1/../../../../arm-atollic-eabi/lib/armv7e-m/fpu/fpv5-d16/libc_nano.a(lib_a-memcpy-stub.o)
                              Middlewares/ST/STM32_SPWF0xSy/Utils/ring_buffer.o (memcpy)
/opt/Atollic_TrueSTUDIO_for_STM32_x86_64_9.1.0/ARMTools/bin/../lib/gcc/arm-atollic-eabi/6.3.1/../../../../arm-atollic-eabi/lib/armv7e-m/fpu/fpv5-d16/libc_nano.a(lib_a-memset.o)
                              Middlewares/ST/STM32_SPWF0xSy/Utils/ring_buffer.o (memset)
/opt/Atollic_TrueSTUDIO_for_STM32_x86_64_9.1.0/ARMTools/bin/../lib/gcc/arm-atollic-eabi/6.3.1/../../../../arm-atollic-eabi/lib/armv7e-m/fpu/fpv5-d16/libc_nano.a(lib_a-nano-freer.o)
                              /opt/Atollic_TrueSTUDIO_for_STM32_x86_64_9.1.0/ARMTools/bin/../lib/gcc/arm-atollic-eabi/6.3.1/../../../../arm-atollic-eabi/lib/armv7e-m/fpu/fpv5-d16/libc_nano.a(lib_a-fflush.o) (_free_r)
/opt/Atollic_TrueSTUDIO_for_STM32_x86_64_9.1.0/ARMTools/bin/../lib/gcc/arm-atollic-eabi/6.3.1/../../../../arm-atollic-eabi/lib/armv7e-m/fpu/fpv5-d16/libc_nano.a(lib_a-nano-mallocr.o)
                              /opt/Atollic_TrueSTUDIO_for_STM32_x86_64_9.1.0/ARMTools/bin/../lib/gcc/arm-atollic-eabi/6.3.1/../../../../arm-atollic-eabi/lib/armv7e-m/fpu/fpv5-d16/libc_nano.a(lib_a-findfp.o) (_malloc_r)
/opt/Atollic_TrueSTUDIO_for_STM32_x86_64_9.1.0/ARMTools/bin/../lib/gcc/arm-atollic-eabi/6.3.1/../../../../arm-atollic-eabi/lib/armv7e-m/fpu/fpv5-d16/libc_nano.a(lib_a-printf.o)
                              Middlewares/ST/STM32_SPWF0xSy/Utils/spwf04WiFi.o (printf)
/opt/Atollic_TrueSTUDIO_for_STM32_x86_64_9.1.0/ARMTools/bin/../lib/gcc/arm-atollic-eabi/6.3.1/../../../../arm-atollic-eabi/lib/armv7e-m/fpu/fpv5-d16/libc_nano.a(lib_a-puts.o)
                              Middlewares/ST/STM32_SPWF0xSy/wifi_module.o (puts)
/opt/Atollic_TrueSTUDIO_for_STM32_x86_64_9.1.0/ARMTools/bin/../lib/gcc/arm-atollic-eabi/6.3.1/../../../../arm-atollic-eabi/lib/armv7e-m/fpu/fpv5-d16/libc_nano.a(lib_a-sbrkr.o)
[...]
Memory Configuration

Name             Origin             Length             Attributes
RAM              0x0000000020000000 0x0000000000080000 xrw
FLASH            0x0000000008000000 0x0000000000200000 xr
*default*        0x0000000000000000 0xffffffffffffffff

Linker script and memory map

LOAD /opt/Atollic_TrueSTUDIO_for_STM32_x86_64_9.1.0/ARMTools/bin/../lib/gcc/arm-atollic-eabi/6.3.1/armv7e-m/fpu/fpv5-d16/crti.o
LOAD /opt/Atollic_TrueSTUDIO_for_STM32_x86_64_9.1.0/ARMTools/bin/../lib/gcc/arm-atollic-eabi/6.3.1/armv7e-m/fpu/fpv5-d16/crtbegin.o
LOAD Drivers/BSP/STM32F7xx_Nucleo_144/stm32f7xx_nucleo_144.o
LOAD Drivers/BSP/X-NUCLEO-IDW0xx1/stm32_spwf_wifi.o
LOAD Drivers/STM32F7xx_HAL_Driver/Src/stm32f7xx_hal.o
LOAD Drivers/STM32F7xx_HAL_Driver/Src/stm32f7xx_hal_cortex.o
LOAD Drivers/STM32F7xx_HAL_Driver/Src/stm32f7xx_hal_crc.o
LOAD Drivers/STM32F7xx_HAL_Driver/Src/stm32f7xx_hal_crc_ex.o
LOAD Drivers/STM32F7xx_HAL_Driver/Src/stm32f7xx_hal_dma.o
LOAD Drivers/STM32F7xx_HAL_Driver/Src/stm32f7xx_hal_dma_ex.o
LOAD Drivers/STM32F7xx_HAL_Driver/Src/stm32f7xx_hal_flash.o
LOAD Drivers/STM32F7xx_HAL_Driver/Src/stm32f7xx_hal_flash_ex.o
LOAD Drivers/STM32F7xx_HAL_Driver/Src/stm32f7xx_hal_gpio.o
LOAD Drivers/STM32F7xx_HAL_Driver/Src/stm32f7xx_hal_i2c.o
LOAD Drivers/STM32F7xx_HAL_Driver/Src/stm32f7xx_hal_i2c_ex.o
LOAD Drivers/STM32F7xx_HAL_Driver/Src/stm32f7xx_hal_pwr.o
LOAD Drivers/STM32F7xx_HAL_Driver/Src/stm32f7xx_hal_pwr_ex.o
LOAD Drivers/STM32F7xx_HAL_Driver/Src/stm32f7xx_hal_rcc.o
LOAD Drivers/STM32F7xx_HAL_Driver/Src/stm32f7xx_hal_rcc_ex.o
LOAD Drivers/STM32F7xx_HAL_Driver/Src/stm32f7xx_hal_rtc.o
LOAD Drivers/STM32F7xx_HAL_Driver/Src/stm32f7xx_hal_rtc_ex.o
LOAD Drivers/STM32F7xx_HAL_Driver/Src/stm32f7xx_hal_spi.o
LOAD Drivers/STM32F7xx_HAL_Driver/Src/stm32f7xx_hal_tim.o
LOAD Drivers/STM32F7xx_HAL_Driver/Src/stm32f7xx_hal_tim_ex.o
LOAD Drivers/STM32F7xx_HAL_Driver/Src/stm32f7xx_hal_uart.o
LOAD Drivers/STM32F7xx_HAL_Driver/Src/stm32f7xx_ll_dma.o
LOAD Middlewares/ST/STM32_SPWF0xSy/Utils/event_buffer.o
LOAD Middlewares/ST/STM32_SPWF0xSy/Utils/ring_buffer.o
LOAD Middlewares/ST/STM32_SPWF0xSy/Utils/spwf04WiFi.o
LOAD Middlewares/ST/STM32_SPWF0xSy/Utils/wifi_globals.o
LOAD Middlewares/ST/STM32_SPWF0xSy/wifi_interface.o
LOAD Middlewares/ST/STM32_SPWF0xSy/wifi_module.o
LOAD Middlewares/ST/STM32_SPWF0xSy/wifi_module_spi.o
LOAD Middlewares/ST/STM32_SPWF0xSy/wifi_module_uart_01.o
LOAD Middlewares/ST/STM32_SPWF0xSy/wifi_module_uart_04.o
LOAD Src/console.o
LOAD Src/crc.o
LOAD Src/dma.o
LOAD Src/gpio.o
LOAD Src/i2c.o
LOAD Src/main.o
LOAD Src/rtc.o
LOAD Src/spi.o
LOAD Src/stm32f7xx_hal_msp.o
LOAD Src/stm32f7xx_it.o
LOAD Src/syscalls.o
LOAD Src/system_stm32f7xx.o
LOAD Src/tim.o
LOAD Src/usart.o
LOAD startup/startup_stm32f767xx.o
                0x0000000000000080                malloc_getpagesize_P = 0x80
START GROUP
LOAD /opt/Atollic_TrueSTUDIO_for_STM32_x86_64_9.1.0/ARMTools/bin/../lib/gcc/arm-atollic-eabi/6.3.1/../../../../arm-atollic-eabi/lib/armv7e-m/fpu/fpv5-d16/libc_nano.a
LOAD /opt/Atollic_TrueSTUDIO_for_STM32_x86_64_9.1.0/ARMTools/bin/../lib/gcc/arm-atollic-eabi/6.3.1/../../../../arm-atollic-eabi/lib/armv7e-m/fpu/fpv5-d16/libm.a
END GROUP
START GROUP
LOAD /opt/Atollic_TrueSTUDIO_for_STM32_x86_64_9.1.0/ARMTools/bin/../lib/gcc/arm-atollic-eabi/6.3.1/armv7e-m/fpu/fpv5-d16/libgcc.a
LOAD /opt/Atollic_TrueSTUDIO_for_STM32_x86_64_9.1.0/ARMTools/bin/../lib/gcc/arm-atollic-eabi/6.3.1/../../../../arm-atollic-eabi/lib/armv7e-m/fpu/fpv5-d16/libc_nano.a
END GROUP
START GROUP
LOAD /opt/Atollic_TrueSTUDIO_for_STM32_x86_64_9.1.0/ARMTools/bin/../lib/gcc/arm-atollic-eabi/6.3.1/armv7e-m/fpu/fpv5-d16/libgcc.a
LOAD /opt/Atollic_TrueSTUDIO_for_STM32_x86_64_9.1.0/ARMTools/bin/../lib/gcc/arm-atollic-eabi/6.3.1/../../../../arm-atollic-eabi/lib/armv7e-m/fpu/fpv5-d16/libc_nano.a
LOAD /opt/Atollic_TrueSTUDIO_for_STM32_x86_64_9.1.0/ARMTools/bin/../lib/gcc/arm-atollic-eabi/6.3.1/../../../../arm-atollic-eabi/lib/armv7e-m/fpu/fpv5-d16/libnosys.a
END GROUP
START GROUP
LOAD /opt/Atollic_TrueSTUDIO_for_STM32_x86_64_9.1.0/ARMTools/bin/../lib/gcc/arm-atollic-eabi/6.3.1/armv7e-m/fpu/fpv5-d16/libgcc.a
LOAD /opt/Atollic_TrueSTUDIO_for_STM32_x86_64_9.1.0/ARMTools/bin/../lib/gcc/arm-atollic-eabi/6.3.1/../../../../arm-atollic-eabi/lib/armv7e-m/fpu/fpv5-d16/libc_nano.a
LOAD /opt/Atollic_TrueSTUDIO_for_STM32_x86_64_9.1.0/ARMTools/bin/../lib/gcc/arm-atollic-eabi/6.3.1/../../../../arm-atollic-eabi/lib/armv7e-m/fpu/fpv5-d16/libnosys.a
END GROUP
LOAD /opt/Atollic_TrueSTUDIO_for_STM32_x86_64_9.1.0/ARMTools/bin/../lib/gcc/arm-atollic-eabi/6.3.1/armv7e-m/fpu/fpv5-d16/crtend.o
LOAD /opt/Atollic_TrueSTUDIO_for_STM32_x86_64_9.1.0/ARMTools/bin/../lib/gcc/arm-atollic-eabi/6.3.1/armv7e-m/fpu/fpv5-d16/crtn.o
                0x0000000020080000                _estack = 0x20080000
                0x0000000000000200                _Min_Heap_Size = 0x200
                0x0000000000000400                _Min_Stack_Size = 0x400

.isr_vector     0x0000000008000000      0x1f8
                0x0000000008000000                . = ALIGN (0x4)
 *(.isr_vector)
 .isr_vector    0x0000000008000000      0x1f8 startup/startup_stm32f767xx.o
                0x0000000008000000                g_pfnVectors
                0x00000000080001f8                . = ALIGN (0x4)

.text           0x0000000008000200     0x51fc
                0x0000000008000200                . = ALIGN (0x4)
 *(.text)
 .text          0x0000000008000200       0x40 /opt/Atollic_TrueSTUDIO_for_STM32_x86_64_9.1.0/ARMTools/bin/../lib/gcc/arm-atollic-eabi/6.3.1/armv7e-m/fpu/fpv5-d16/crtbegin.o
 .text          0x0000000008000240       0xa0 /opt/Atollic_TrueSTUDIO_for_STM32_x86_64_9.1.0/ARMTools/bin/../lib/gcc/arm-atollic-eabi/6.3.1/../../../../arm-atollic-eabi/lib/armv7e-m/fpu/fpv5-d16/libc_nano.a(lib_a-memchr.o)
                0x0000000008000240                memchr
 .text          0x00000000080002e0       0x30 /opt/Atollic_TrueSTUDIO_for_STM32_x86_64_9.1.0/ARMTools/bin/../lib/gcc/arm-atollic-eabi/6.3.1/armv7e-m/fpu/fpv5-d16/libgcc.a(_aeabi_uldivmod.o)
                0x00000000080002e0                __aeabi_uldivmod
 .text          0x0000000008000310      0x2dc /opt/Atollic_TrueSTUDIO_for_STM32_x86_64_9.1.0/ARMTools/bin/../lib/gcc/arm-atollic-eabi/6.3.1/armv7e-m/fpu/fpv5-d16/libgcc.a(_udivmoddi4.o)
                0x0000000008000310                __udivmoddi4
 .text          0x00000000080005ec        0x4 /opt/Atollic_TrueSTUDIO_for_STM32_x86_64_9.1.0/ARMTools/bin/../lib/gcc/arm-atollic-eabi/6.3.1/armv7e-m/fpu/fpv5-d16/libgcc.a(_dvmd_tls.o)
                0x00000000080005ec                __aeabi_ldiv0
                0x00000000080005ec                __aeabi_idiv0
 *(.text*)
 .text.HAL_InitTick
                0x00000000080005f0       0x4c Drivers/STM32F7xx_HAL_Driver/Src/stm32f7xx_hal.o
                0x00000000080005f0                HAL_InitTick
 .text.HAL_Init
                0x000000000800063c       0x16 Drivers/STM32F7xx_HAL_Driver/Src/stm32f7xx_hal.o
                0x000000000800063c                HAL_Init
 *fill*         0x0000000008000652        0x2 
 .text.HAL_IncTick
                0x0000000008000654       0x18 Drivers/STM32F7xx_HAL_Driver/Src/stm32f7xx_hal.o
                0x0000000008000654                HAL_IncTick
 .text.HAL_GetTick
                0x000000000800066c        0xc Drivers/STM32F7xx_HAL_Driver/Src/stm32f7xx_hal.o
                0x000000000800066c                HAL_GetTick
 .text.HAL_Delay
                0x0000000008000678       0x28 Drivers/STM32F7xx_HAL_Driver/Src/stm32f7xx_hal.o
                0x0000000008000678                HAL_Delay
 .text.HAL_NVIC_SetPriorityGrouping
                0x00000000080006a0       0x24 Drivers/STM32F7xx_HAL_Driver/Src/stm32f7xx_hal_cortex.o
                0x00000000080006a0                HAL_NVIC_SetPriorityGrouping
 .text.HAL_NVIC_SetPriority
                0x00000000080006c4       0x60 Drivers/STM32F7xx_HAL_Driver/Src/stm32f7xx_hal_cortex.o
                0x00000000080006c4                HAL_NVIC_SetPriority
 .text.HAL_NVIC_EnableIRQ
                0x0000000008000724       0x18 Drivers/STM32F7xx_HAL_Driver/Src/stm32f7xx_hal_cortex.o
                0x0000000008000724                HAL_NVIC_EnableIRQ
 .text.HAL_NVIC_DisableIRQ
                0x000000000800073c       0x1c Drivers/STM32F7xx_HAL_Driver/Src/stm32f7xx_hal_cortex.o
                0x000000000800073c                HAL_NVIC_DisableIRQ
 .text.HAL_SYSTICK_Config
                0x0000000008000758       0x2c Drivers/STM32F7xx_HAL_Driver/Src/stm32f7xx_hal_cortex.o
                0x0000000008000758                HAL_SYSTICK_Config
 .text.HAL_SYSTICK_CLKSourceConfig
                0x0000000008000784       0x20 Drivers/STM32F7xx_HAL_Driver/Src/stm32f7xx_hal_cortex.o
                0x0000000008000784                HAL_SYSTICK_CLKSourceConfig
 .text.HAL_SYSTICK_Callback
                0x00000000080007a4        0x2 Drivers/STM32F7xx_HAL_Driver/Src/stm32f7xx_hal_cortex.o
                0x00000000080007a4                HAL_SYSTICK_Callback
 .text.HAL_SYSTICK_IRQHandler
                0x00000000080007a6        0x8 Drivers/STM32F7xx_HAL_Driver/Src/stm32f7xx_hal_cortex.o
                0x00000000080007a6                HAL_SYSTICK_IRQHandler
 *fill*         0x00000000080007ae        0x2 
 .text.HAL_CRC_Init
                0x00000000080007b0       0x80 Drivers/STM32F7xx_HAL_Driver/Src/stm32f7xx_hal_crc.o
                0x00000000080007b0                HAL_CRC_Init
 .text.HAL_CRCEx_Polynomial_Set
                0x0000000008000830       0x56 Drivers/STM32F7xx_HAL_Driver/Src/stm32f7xx_hal_crc_ex.o
                0x0000000008000830                HAL_CRCEx_Polynomial_Set
 *fill*         0x0000000008000886        0x2 
 .text.DMA_CalcBaseAndBitshift
                0x0000000008000888       0x38 Drivers/STM32F7xx_HAL_Driver/Src/stm32f7xx_hal_dma.o
 .text.DMA_CheckFifoParam
                0x00000000080008c0       0x8e Drivers/STM32F7xx_HAL_Driver/Src/stm32f7xx_hal_dma.o
 *fill*         0x000000000800094e        0x2 
 .text.HAL_DMA_Init
                0x0000000008000950       0xd0 Drivers/STM32F7xx_HAL_Driver/Src/stm32f7xx_hal_dma.o
                0x0000000008000950                HAL_DMA_Init
 .text.HAL_DMA_DeInit
                0x0000000008000a20       0x66 Drivers/STM32F7xx_HAL_Driver/Src/stm32f7xx_hal_dma.o
                0x0000000008000a20                HAL_DMA_DeInit
 .text.HAL_DMA_Abort_IT
                0x0000000008000a86       0x26 Drivers/STM32F7xx_HAL_Driver/Src/stm32f7xx_hal_dma.o
                0x0000000008000a86                HAL_DMA_Abort_IT
 .text.HAL_DMA_IRQHandler
                0x0000000008000aac      0x1dc Drivers/STM32F7xx_HAL_Driver/Src/stm32f7xx_hal_dma.o
                0x0000000008000aac                HAL_DMA_IRQHandler
 .text.HAL_GPIO_Init
                0x0000000008000c88      0x1dc Drivers/STM32F7xx_HAL_Driver/Src/stm32f7xx_hal_gpio.o
                0x0000000008000c88                HAL_GPIO_Init
 .text.HAL_GPIO_DeInit
                0x0000000008000e64      0x13c Drivers/STM32F7xx_HAL_Driver/Src/stm32f7xx_hal_gpio.o
                0x0000000008000e64                HAL_GPIO_DeInit
 .text.HAL_GPIO_WritePin
                0x0000000008000fa0        0xc Drivers/STM32F7xx_HAL_Driver/Src/stm32f7xx_hal_gpio.o
                0x0000000008000fa0                HAL_GPIO_WritePin
 .text.HAL_I2C_Init
                0x0000000008000fac       0xbc Drivers/STM32F7xx_HAL_Driver/Src/stm32f7xx_hal_i2c.o
                0x0000000008000fac                HAL_I2C_Init
 .text.HAL_I2CEx_ConfigAnalogFilter
                0x0000000008001068       0x5c Drivers/STM32F7xx_HAL_Driver/Src/stm32f7xx_hal_i2c_ex.o
                0x0000000008001068                HAL_I2CEx_ConfigAnalogFilter
 .text.HAL_I2CEx_ConfigDigitalFilter
                0x00000000080010c4       0x58 Drivers/STM32F7xx_HAL_Driver/Src/stm32f7xx_hal_i2c_ex.o
                0x00000000080010c4                HAL_I2CEx_ConfigDigitalFilter
 .text.HAL_PWREx_EnableOverDrive
                0x000000000800111c       0x7c Drivers/STM32F7xx_HAL_Driver/Src/stm32f7xx_hal_pwr_ex.o
                0x000000000800111c                HAL_PWREx_EnableOverDrive
 .text.HAL_RCC_OscConfig
                0x0000000008001198      0x3d4 Drivers/STM32F7xx_HAL_Driver/Src/stm32f7xx_hal_rcc.o
                0x0000000008001198                HAL_RCC_OscConfig
 .text.HAL_RCC_GetSysClockFreq
                0x000000000800156c       0xd4 Drivers/STM32F7xx_HAL_Driver/Src/stm32f7xx_hal_rcc.o
                0x000000000800156c                HAL_RCC_GetSysClockFreq
 .text.HAL_RCC_ClockConfig
                0x0000000008001640      0x164 Drivers/STM32F7xx_HAL_Driver/Src/stm32f7xx_hal_rcc.o
                0x0000000008001640                HAL_RCC_ClockConfig
 .text.HAL_RCC_GetHCLKFreq
                0x00000000080017a4        0xc Drivers/STM32F7xx_HAL_Driver/Src/stm32f7xx_hal_rcc.o
                0x00000000080017a4                HAL_RCC_GetHCLKFreq
 .text.HAL_RCC_GetPCLK1Freq
                0x00000000080017b0       0x20 Drivers/STM32F7xx_HAL_Driver/Src/stm32f7xx_hal_rcc.o
                0x00000000080017b0                HAL_RCC_GetPCLK1Freq
 .text.HAL_RCC_GetPCLK2Freq
                0x00000000080017d0       0x20 Drivers/STM32F7xx_HAL_Driver/Src/stm32f7xx_hal_rcc.o
                0x00000000080017d0                HAL_RCC_GetPCLK2Freq
 .text.HAL_RCCEx_PeriphCLKConfig
                0x00000000080017f0      0x608 Drivers/STM32F7xx_HAL_Driver/Src/stm32f7xx_hal_rcc_ex.o
                0x00000000080017f0                HAL_RCCEx_PeriphCLKConfig
 .text.RTC_EnterInitMode
                0x0000000008001df8       0x3c Drivers/STM32F7xx_HAL_Driver/Src/stm32f7xx_hal_rtc.o
                0x0000000008001df8                RTC_EnterInitMode
 .text.HAL_RTC_Init
                0x0000000008001e34       0xa4 Drivers/STM32F7xx_HAL_Driver/Src/stm32f7xx_hal_rtc.o
                0x0000000008001e34                HAL_RTC_Init
 .text.HAL_SPI_Init
                0x0000000008001ed8       0xba Drivers/STM32F7xx_HAL_Driver/Src/stm32f7xx_hal_spi.o
                0x0000000008001ed8                HAL_SPI_Init
 .text.TIM_TI1_ConfigInputStage
                0x0000000008001f92       0x26 Drivers/STM32F7xx_HAL_Driver/Src/stm32f7xx_hal_tim.o
 .text.TIM_TI2_ConfigInputStage
                0x0000000008001fb8       0x28 Drivers/STM32F7xx_HAL_Driver/Src/stm32f7xx_hal_tim.o
 .text.TIM_ITRx_SetConfig
                0x0000000008001fe0       0x10 Drivers/STM32F7xx_HAL_Driver/Src/stm32f7xx_hal_tim.o
 .text.HAL_TIM_PeriodElapsedCallback
                0x0000000008001ff0        0x2 Drivers/STM32F7xx_HAL_Driver/Src/stm32f7xx_hal_tim.o
                0x0000000008001ff0                HAL_TIM_PeriodElapsedCallback
 .text.HAL_TIM_OC_DelayElapsedCallback
                0x0000000008001ff2        0x2 Drivers/STM32F7xx_HAL_Driver/Src/stm32f7xx_hal_tim.o
                0x0000000008001ff2                HAL_TIM_OC_DelayElapsedCallback
 .text.HAL_TIM_IC_CaptureCallback
                0x0000000008001ff4        0x2 Drivers/STM32F7xx_HAL_Driver/Src/stm32f7xx_hal_tim.o
                0x0000000008001ff4                HAL_TIM_IC_CaptureCallback
 .text.HAL_TIM_PWM_PulseFinishedCallback
                0x0000000008001ff6        0x2 Drivers/STM32F7xx_HAL_Driver/Src/stm32f7xx_hal_tim.o
                0x0000000008001ff6                HAL_TIM_PWM_PulseFinishedCallback
 .text.HAL_TIM_TriggerCallback
                0x0000000008001ff8        0x2 Drivers/STM32F7xx_HAL_Driver/Src/stm32f7xx_hal_tim.o
                0x0000000008001ff8                HAL_TIM_TriggerCallback
 .text.HAL_TIM_IRQHandler
                0x0000000008001ffa      0x19a Drivers/STM32F7xx_HAL_Driver/Src/stm32f7xx_hal_tim.o
                0x0000000008001ffa                HAL_TIM_IRQHandler
 .text.TIM_Base_SetConfig
                0x0000000008002194      0x140 Drivers/STM32F7xx_HAL_Driver/Src/stm32f7xx_hal_tim.o
                0x0000000008002194                TIM_Base_SetConfig
 .text.HAL_TIM_Base_Init
                0x00000000080022d4       0x32 Drivers/STM32F7xx_HAL_Driver/Src/stm32f7xx_hal_tim.o
                0x00000000080022d4                HAL_TIM_Base_Init
 .text.TIM_ETR_SetConfig
                0x0000000008002306       0x18 Drivers/STM32F7xx_HAL_Driver/Src/stm32f7xx_hal_tim.o
                0x0000000008002306                TIM_ETR_SetConfig
 *fill*         0x000000000800231e        0x2 
 .text.HAL_TIM_ConfigClockSource
                0x0000000008002320      0x114 Drivers/STM32F7xx_HAL_Driver/Src/stm32f7xx_hal_tim.o
                0x0000000008002320                HAL_TIM_ConfigClockSource
 .text.HAL_TIMEx_MasterConfigSynchronization
                0x0000000008002434       0x58 Drivers/STM32F7xx_HAL_Driver/Src/stm32f7xx_hal_tim_ex.o
                0x0000000008002434                HAL_TIMEx_MasterConfigSynchronization
 .text.HAL_TIMEx_CommutationCallback
                0x000000000800248c        0x2 Drivers/STM32F7xx_HAL_Driver/Src/stm32f7xx_hal_tim_ex.o
                0x000000000800248c                HAL_TIMEx_CommutationCallback
 .text.HAL_TIMEx_BreakCallback
                0x000000000800248e        0x2 Drivers/STM32F7xx_HAL_Driver/Src/stm32f7xx_hal_tim_ex.o
                0x000000000800248e                HAL_TIMEx_BreakCallback
 .text.UART_Transmit_IT
                0x0000000008002490       0x6e Drivers/STM32F7xx_HAL_Driver/Src/stm32f7xx_hal_uart.o
 .text.UART_EndRxTransfer
                0x00000000080024fe       0x1c Drivers/STM32F7xx_HAL_Driver/Src/stm32f7xx_hal_uart.o
 .text.HAL_UART_DeInit
                0x000000000800251a       0x3e Drivers/STM32F7xx_HAL_Driver/Src/stm32f7xx_hal_uart.o
                0x000000000800251a                HAL_UART_DeInit
 .text.UART_WaitOnFlagUntilTimeout
                0x0000000008002558       0x64 Drivers/STM32F7xx_HAL_Driver/Src/stm32f7xx_hal_uart.o
                0x0000000008002558                UART_WaitOnFlagUntilTimeout
 .text.HAL_UART_Transmit
                0x00000000080025bc       0xcc Drivers/STM32F7xx_HAL_Driver/Src/stm32f7xx_hal_uart.o
                0x00000000080025bc                HAL_UART_Transmit
 .text.HAL_UART_Receive
                0x0000000008002688      0x10c Drivers/STM32F7xx_HAL_Driver/Src/stm32f7xx_hal_uart.o
                0x0000000008002688                HAL_UART_Receive
 .text.UART_EndTransmit_IT
                0x0000000008002794       0x1a Drivers/STM32F7xx_HAL_Driver/Src/stm32f7xx_hal_uart.o
 .text.UART_Receive_IT
                0x00000000080027ae       0x84 Drivers/STM32F7xx_HAL_Driver/Src/stm32f7xx_hal_uart.o
 *fill*         0x0000000008002832        0x2 
 .text.HAL_UART_IRQHandler
                0x0000000008002834      0x138 Drivers/STM32F7xx_HAL_Driver/Src/stm32f7xx_hal_uart.o
                0x0000000008002834                HAL_UART_IRQHandler
 .text.UART_DMAAbortOnError
                0x000000000800296c       0x14 Drivers/STM32F7xx_HAL_Driver/Src/stm32f7xx_hal_uart.o
 .text.UART_SetConfig
                0x0000000008002980      0x360 Drivers/STM32F7xx_HAL_Driver/Src/stm32f7xx_hal_uart.o
                0x0000000008002980                UART_SetConfig
 .text.UART_AdvFeatureConfig
                0x0000000008002ce0       0xca Drivers/STM32F7xx_HAL_Driver/Src/stm32f7xx_hal_uart.o
                0x0000000008002ce0                UART_AdvFeatureConfig
 .text.UART_CheckIdleState
                0x0000000008002daa       0x48 Drivers/STM32F7xx_HAL_Driver/Src/stm32f7xx_hal_uart.o
                0x0000000008002daa                UART_CheckIdleState
 .text.HAL_UART_Init
                0x0000000008002df2       0x68 Drivers/STM32F7xx_HAL_Driver/Src/stm32f7xx_hal_uart.o
                0x0000000008002df2                HAL_UART_Init
 *fill*         0x0000000008002e5a        0x2 
 .text.Set_UartMsgHandle
                0x0000000008002e5c        0xc Middlewares/ST/STM32_SPWF0xSy/Utils/wifi_globals.o
                0x0000000008002e5c                Set_UartMsgHandle
 .text.UART_DMA_Init
                0x0000000008002e68      0x154 Middlewares/ST/STM32_SPWF0xSy/wifi_module.o
                0x0000000008002e68                UART_DMA_Init
 .text.DMA1_TransferComplete
                0x0000000008002fbc       0x54 Middlewares/ST/STM32_SPWF0xSy/wifi_module.o
                0x0000000008002fbc                DMA1_TransferComplete
 .text.DMA2_TransferComplete
                0x0000000008003010       0x50 Middlewares/ST/STM32_SPWF0xSy/wifi_module.o
                0x0000000008003010                DMA2_TransferComplete
 .text.uartSendChar
                0x0000000008003060       0x24 Src/console.o
                0x0000000008003060                uartSendChar
 .text.uartReceiveChar
                0x0000000008003084       0x58 Src/console.o
                0x0000000008003084                uartReceiveChar
 .text.__io_putchar
                0x00000000080030dc        0x8 Src/console.o
                0x00000000080030dc                __io_putchar
 .text.__io_getchar
                0x00000000080030e4        0x8 Src/console.o
                0x00000000080030e4                __io_getchar
 .text.MX_CRC_Init
                0x00000000080030ec       0x34 Src/crc.o
                0x00000000080030ec                MX_CRC_Init
 .text.HAL_CRC_MspInit
                0x0000000008003120       0x2c Src/crc.o
                0x0000000008003120                HAL_CRC_MspInit
 .text.MX_DMA_Init
                0x000000000800314c       0x64 Src/dma.o
                0x000000000800314c                MX_DMA_Init
 .text.MX_GPIO_Init
                0x00000000080031b0      0x1d0 Src/gpio.o
                0x00000000080031b0                MX_GPIO_Init
 .text.MX_I2C1_Init
                0x0000000008003380       0x68 Src/i2c.o
                0x0000000008003380                MX_I2C1_Init
 .text.MX_I2C2_Init
                0x00000000080033e8       0x68 Src/i2c.o
                0x00000000080033e8                MX_I2C2_Init
 .text.HAL_I2C_MspInit
                0x0000000008003450       0x90 Src/i2c.o
                0x0000000008003450                HAL_I2C_MspInit
 .text._Error_Handler
                0x00000000080034e0        0x2 Src/main.o
                0x00000000080034e0                _Error_Handler
 *fill*         0x00000000080034e2        0x2 
 .text.SystemClock_Config
                0x00000000080034e4      0x108 Src/main.o
                0x00000000080034e4                SystemClock_Config
 .text.USART_PRINT_MSG_Configuration
                0x00000000080035ec       0x50 Src/main.o
                0x00000000080035ec                USART_PRINT_MSG_Configuration
 .text.main     0x000000000800363c      0x10c Src/main.o
                0x000000000800363c                main
 .text.MX_RTC_Init
                0x0000000008003748       0x38 Src/rtc.o
                0x0000000008003748                MX_RTC_Init
 .text.HAL_RTC_MspInit
                0x0000000008003780       0x20 Src/rtc.o
                0x0000000008003780                HAL_RTC_MspInit
 .text.MX_SPI1_Init
                0x00000000080037a0       0x54 Src/spi.o
                0x00000000080037a0                MX_SPI1_Init
 .text.MX_SPI2_Init
                0x00000000080037f4       0x54 Src/spi.o
                0x00000000080037f4                MX_SPI2_Init
 .text.HAL_SPI_MspInit
                0x0000000008003848       0xc4 Src/spi.o
                0x0000000008003848                HAL_SPI_MspInit
 .text.HAL_MspInit
                0x000000000800390c       0x90 Src/stm32f7xx_hal_msp.o
                0x000000000800390c                HAL_MspInit
 .text.NMI_Handler
                0x000000000800399c        0x2 Src/stm32f7xx_it.o
                0x000000000800399c                NMI_Handler
 .text.HardFault_Handler
                0x000000000800399e        0x2 Src/stm32f7xx_it.o
                0x000000000800399e                HardFault_Handler
 .text.MemManage_Handler
                0x00000000080039a0        0x2 Src/stm32f7xx_it.o
                0x00000000080039a0                MemManage_Handler
 .text.BusFault_Handler
                0x00000000080039a2        0x2 Src/stm32f7xx_it.o
                0x00000000080039a2                BusFault_Handler
 .text.UsageFault_Handler
                0x00000000080039a4        0x2 Src/stm32f7xx_it.o
                0x00000000080039a4                UsageFault_Handler
 .text.SVC_Handler
                0x00000000080039a6        0x2 Src/stm32f7xx_it.o
                0x00000000080039a6                SVC_Handler
 .text.DebugMon_Handler
                0x00000000080039a8        0x2 Src/stm32f7xx_it.o
                0x00000000080039a8                DebugMon_Handler
 .text.PendSV_Handler
                0x00000000080039aa        0x2 Src/stm32f7xx_it.o
                0x00000000080039aa                PendSV_Handler
 .text.SysTick_Handler
                0x00000000080039ac        0xc Src/stm32f7xx_it.o
                0x00000000080039ac                SysTick_Handler
 .text.TIM3_IRQHandler
                0x00000000080039b8       0x10 Src/stm32f7xx_it.o
                0x00000000080039b8                TIM3_IRQHandler
 .text.TIM2_IRQHandler
                0x00000000080039c8       0x10 Src/stm32f7xx_it.o
                0x00000000080039c8                TIM2_IRQHandler
 .text.DMA1_Stream3_IRQHandler
                0x00000000080039d8       0x10 Src/stm32f7xx_it.o
                0x00000000080039d8                DMA1_Stream3_IRQHandler
 .text.DMA1_Stream6_IRQHandler
                0x00000000080039e8       0x10 Src/stm32f7xx_it.o
                0x00000000080039e8                DMA1_Stream6_IRQHandler
 .text.HAL_UART_RxCpltCallback
                0x00000000080039f8        0x2 Src/stm32f7xx_it.o
                0x00000000080039f8                HAL_UART_RxCpltCallback
 .text.HAL_UART_TxCpltCallback
                0x00000000080039fa        0x2 Src/stm32f7xx_it.o
                0x00000000080039fa                HAL_UART_TxCpltCallback
 .text.HAL_UART_ErrorCallback
                0x00000000080039fc       0x10 Src/stm32f7xx_it.o
                0x00000000080039fc                HAL_UART_ErrorCallback
 .text.USART2_IRQHandler
                0x0000000008003a0c       0x10 Src/stm32f7xx_it.o
                0x0000000008003a0c                USART2_IRQHandler
 .text.USART3_IRQHandler
                0x0000000008003a1c       0x10 Src/stm32f7xx_it.o
                0x0000000008003a1c                USART3_IRQHandler
 .text.DMA1_Stream1_IRQHandler
                0x0000000008003a2c       0x20 Src/stm32f7xx_it.o
                0x0000000008003a2c                DMA1_Stream1_IRQHandler
 .text.DMA1_Stream5_IRQHandler
                0x0000000008003a4c       0x20 Src/stm32f7xx_it.o
                0x0000000008003a4c                DMA1_Stream5_IRQHandler
 .text._read    0x0000000008003a6c       0x1e Src/syscalls.o
                0x0000000008003a6c                _read
 .text._write   0x0000000008003a8a       0x1c Src/syscalls.o
                0x0000000008003a8a                _write
 *fill*         0x0000000008003aa6        0x2 
 .text._sbrk    0x0000000008003aa8       0x3c Src/syscalls.o
                0x0000000008003aa8                _sbrk
 .text._close   0x0000000008003ae4        0x6 Src/syscalls.o
                0x0000000008003ae4                _close
 .text._fstat   0x0000000008003aea        0xa Src/syscalls.o
                0x0000000008003aea                _fstat
 .text._isatty  0x0000000008003af4        0x4 Src/syscalls.o
                0x0000000008003af4                _isatty
 .text._lseek   0x0000000008003af8        0x4 Src/syscalls.o
                0x0000000008003af8                _lseek
 .text.SystemInit
                0x0000000008003afc       0x50 Src/system_stm32f7xx.o
                0x0000000008003afc                SystemInit
 .text.MX_TIM1_Init
                0x0000000008003b4c       0x74 Src/tim.o
                0x0000000008003b4c                MX_TIM1_Init
 .text.MX_TIM2_Init
                0x0000000008003bc0       0x6c Src/tim.o
                0x0000000008003bc0                MX_TIM2_Init
 .text.MX_TIM3_Init
                0x0000000008003c2c       0x74 Src/tim.o
                0x0000000008003c2c                MX_TIM3_Init
 .text.MX_TIM4_Init
                0x0000000008003ca0       0x74 Src/tim.o
                0x0000000008003ca0                MX_TIM4_Init
 .text.HAL_TIM_Base_MspInit
                0x0000000008003d14       0x8c Src/tim.o
                0x0000000008003d14                HAL_TIM_Base_MspInit
 .text.MX_UART5_Init
                0x0000000008003da0       0x40 Src/usart.o
                0x0000000008003da0                MX_UART5_Init
 .text.MX_UART7_Init
                0x0000000008003de0       0x40 Src/usart.o
                0x0000000008003de0                MX_UART7_Init
 .text.MX_UART8_Init
                0x0000000008003e20       0x40 Src/usart.o
                0x0000000008003e20                MX_UART8_Init
 .text.MX_USART2_UART_Init
                0x0000000008003e60       0x40 Src/usart.o
                0x0000000008003e60                MX_USART2_UART_Init
 .text.MX_USART3_UART_Init
                0x0000000008003ea0       0x40 Src/usart.o
                0x0000000008003ea0                MX_USART3_UART_Init
 .text.MX_USART6_UART_Init
                0x0000000008003ee0       0x40 Src/usart.o
                0x0000000008003ee0                MX_USART6_UART_Init
 .text.HAL_UART_MspInit
                0x0000000008003f20      0x2d8 Src/usart.o
                0x0000000008003f20                HAL_UART_MspInit
 .text.HAL_UART_MspDeInit
                0x00000000080041f8      0x110 Src/usart.o
                0x00000000080041f8                HAL_UART_MspDeInit
 .text.Reset_Handler
                0x0000000008004308       0x50 startup/startup_stm32f767xx.o
                0x0000000008004308                Reset_Handler
 .text.Default_Handler
                0x0000000008004358        0x2 startup/startup_stm32f767xx.o
                0x0000000008004358                RTC_Alarm_IRQHandler
                0x0000000008004358                EXTI2_IRQHandler
                0x0000000008004358                TIM8_CC_IRQHandler
                0x0000000008004358                UART8_IRQHandler
                0x0000000008004358                SPI4_IRQHandler
                0x0000000008004358                TIM1_CC_IRQHandler
                0x0000000008004358                DMA2_Stream5_IRQHandler
                0x0000000008004358                JPEG_IRQHandler
                0x0000000008004358                CAN3_RX1_IRQHandler
                0x0000000008004358                PVD_IRQHandler
                0x0000000008004358                TAMP_STAMP_IRQHandler
                0x0000000008004358                CAN2_RX1_IRQHandler
                0x0000000008004358                EXTI3_IRQHandler
                0x0000000008004358                TIM8_TRG_COM_TIM14_IRQHandler
                0x0000000008004358                DFSDM1_FLT1_IRQHandler
                0x0000000008004358                TIM1_UP_TIM10_IRQHandler
                0x0000000008004358                TIM8_UP_TIM13_IRQHandler
                0x0000000008004358                I2C3_ER_IRQHandler
                0x0000000008004358                DFSDM1_FLT2_IRQHandler
                0x0000000008004358                EXTI0_IRQHandler
                0x0000000008004358                I2C2_EV_IRQHandler
                0x0000000008004358                DMA1_Stream2_IRQHandler
                0x0000000008004358                CAN1_RX0_IRQHandler
                0x0000000008004358                FPU_IRQHandler
                0x0000000008004358                OTG_HS_WKUP_IRQHandler
                0x0000000008004358                CAN3_SCE_IRQHandler
                0x0000000008004358                LTDC_ER_IRQHandler
                0x0000000008004358                CAN2_SCE_IRQHandler
                0x0000000008004358                DMA2_Stream2_IRQHandler
                0x0000000008004358                SPI1_IRQHandler
                0x0000000008004358                TIM6_DAC_IRQHandler
                0x0000000008004358                TIM1_BRK_TIM9_IRQHandler
                0x0000000008004358                DCMI_IRQHandler
                0x0000000008004358                CAN2_RX0_IRQHandler
                0x0000000008004358                DMA2_Stream3_IRQHandler
                0x0000000008004358                SAI2_IRQHandler
                0x0000000008004358                DFSDM1_FLT3_IRQHandler
                0x0000000008004358                USART6_IRQHandler
                0x0000000008004358                CAN3_RX0_IRQHandler
                0x0000000008004358                CAN1_RX1_IRQHandler
                0x0000000008004358                UART5_IRQHandler
                0x0000000008004358                DMA2_Stream0_IRQHandler
                0x0000000008004358                TIM4_IRQHandler
                0x0000000008004358                QUADSPI_IRQHandler
                0x0000000008004358                I2C1_EV_IRQHandler
                0x0000000008004358                UART4_IRQHandler
                0x0000000008004358                RCC_IRQHandler
                0x0000000008004358                TIM8_BRK_TIM12_IRQHandler
                0x0000000008004358                Default_Handler
                0x0000000008004358                CEC_IRQHandler
                0x0000000008004358                EXTI15_10_IRQHandler
                0x0000000008004358                ADC_IRQHandler
                0x0000000008004358                DMA1_Stream7_IRQHandler
                0x0000000008004358                SPI5_IRQHandler
                0x0000000008004358                TIM7_IRQHandler
                0x0000000008004358                SDMMC1_IRQHandler
                0x0000000008004358                CAN2_TX_IRQHandler
                0x0000000008004358                TIM5_IRQHandler
                0x0000000008004358                DMA2_Stream7_IRQHandler
                0x0000000008004358                I2C3_EV_IRQHandler
                0x0000000008004358                EXTI9_5_IRQHandler
                0x0000000008004358                RTC_WKUP_IRQHandler
                0x0000000008004358                LTDC_IRQHandler
                0x0000000008004358                ETH_WKUP_IRQHandler
                0x0000000008004358                SPDIF_RX_IRQHandler
                0x0000000008004358                SPI2_IRQHandler
                0x0000000008004358                OTG_HS_EP1_IN_IRQHandler
                0x0000000008004358                DMA1_Stream0_IRQHandler
                0x0000000008004358                CAN1_TX_IRQHandler
                0x0000000008004358                EXTI4_IRQHandler
                0x0000000008004358                RNG_IRQHandler
                0x0000000008004358                ETH_IRQHandler
                0x0000000008004358                OTG_HS_EP1_OUT_IRQHandler
                0x0000000008004358                WWDG_IRQHandler
                0x0000000008004358                SPI6_IRQHandler
                0x0000000008004358                MDIOS_IRQHandler
                0x0000000008004358                I2C4_EV_IRQHandler
                0x0000000008004358                CAN3_TX_IRQHandler
                0x0000000008004358                OTG_FS_WKUP_IRQHandler
                0x0000000008004358                TIM1_TRG_COM_TIM11_IRQHandler
                0x0000000008004358                OTG_HS_IRQHandler
                0x0000000008004358                DMA2D_IRQHandler
                0x0000000008004358                EXTI1_IRQHandler
                0x0000000008004358                SDMMC2_IRQHandler
                0x0000000008004358                UART7_IRQHandler
                0x0000000008004358                DFSDM1_FLT0_IRQHandler
                0x0000000008004358                I2C2_ER_IRQHandler
                0x0000000008004358                DMA2_Stream1_IRQHandler
                0x0000000008004358                CAN1_SCE_IRQHandler
                0x0000000008004358                FLASH_IRQHandler
                0x0000000008004358                DMA2_Stream4_IRQHandler
                0x0000000008004358                USART1_IRQHandler
                0x0000000008004358                OTG_FS_IRQHandler
                0x0000000008004358                SPI3_IRQHandler
                0x0000000008004358                DMA1_Stream4_IRQHandler
                0x0000000008004358                I2C1_ER_IRQHandler
                0x0000000008004358                FMC_IRQHandler
                0x0000000008004358                LPTIM1_IRQHandler
                0x0000000008004358                I2C4_ER_IRQHandler
                0x0000000008004358                DMA2_Stream6_IRQHandler
                0x0000000008004358                SAI1_IRQHandler
 *fill*         0x000000000800435a        0x2 
 .text.__errno  0x000000000800435c        0xc /opt/Atollic_TrueSTUDIO_for_STM32_x86_64_9.1.0/ARMTools/bin/../lib/gcc/arm-atollic-eabi/6.3.1/../../../../arm-atollic-eabi/lib/armv7e-m/fpu/fpv5-d16/libc_nano.a(lib_a-errno.o)
                0x000000000800435c                __errno
 .text.__sflush_r
                0x0000000008004368      0x110 /opt/Atollic_TrueSTUDIO_for_STM32_x86_64_9.1.0/ARMTools/bin/../lib/gcc/arm-atollic-eabi/6.3.1/../../../../arm-atollic-eabi/lib/armv7e-m/fpu/fpv5-d16/libc_nano.a(lib_a-fflush.o)
                0x0000000008004368                __sflush_r
 .text._fflush_r
                0x0000000008004478       0x54 /opt/Atollic_TrueSTUDIO_for_STM32_x86_64_9.1.0/ARMTools/bin/../lib/gcc/arm-atollic-eabi/6.3.1/../../../../arm-atollic-eabi/lib/armv7e-m/fpu/fpv5-d16/libc_nano.a(lib_a-fflush.o)
                0x0000000008004478                _fflush_r
 .text._cleanup_r
                0x00000000080044cc        0xc /opt/Atollic_TrueSTUDIO_for_STM32_x86_64_9.1.0/ARMTools/bin/../lib/gcc/arm-atollic-eabi/6.3.1/../../../../arm-atollic-eabi/lib/armv7e-m/fpu/fpv5-d16/libc_nano.a(lib_a-findfp.o)
                0x00000000080044cc                _cleanup_r
 .text.std.isra.0
                0x00000000080044d8       0x48 /opt/Atollic_TrueSTUDIO_for_STM32_x86_64_9.1.0/ARMTools/bin/../lib/gcc/arm-atollic-eabi/6.3.1/../../../../arm-atollic-eabi/lib/armv7e-m/fpu/fpv5-d16/libc_nano.a(lib_a-findfp.o)
 .text.__sfmoreglue
                0x0000000008004520       0x2c /opt/Atollic_TrueSTUDIO_for_STM32_x86_64_9.1.0/ARMTools/bin/../lib/gcc/arm-atollic-eabi/6.3.1/../../../../arm-atollic-eabi/lib/armv7e-m/fpu/fpv5-d16/libc_nano.a(lib_a-findfp.o)
                0x0000000008004520                __sfmoreglue
 .text.__sinit  0x000000000800454c       0x60 /opt/Atollic_TrueSTUDIO_for_STM32_x86_64_9.1.0/ARMTools/bin/../lib/gcc/arm-atollic-eabi/6.3.1/../../../../arm-atollic-eabi/lib/armv7e-m/fpu/fpv5-d16/libc_nano.a(lib_a-findfp.o)
                0x000000000800454c                __sinit
 .text.__sfp    0x00000000080045ac       0x78 /opt/Atollic_TrueSTUDIO_for_STM32_x86_64_9.1.0/ARMTools/bin/../lib/gcc/arm-atollic-eabi/6.3.1/../../../../arm-atollic-eabi/lib/armv7e-m/fpu/fpv5-d16/libc_nano.a(lib_a-findfp.o)
                0x00000000080045ac                __sfp
 .text._fwalk_reent
                0x0000000008004624       0x3c /opt/Atollic_TrueSTUDIO_for_STM32_x86_64_9.1.0/ARMTools/bin/../lib/gcc/arm-atollic-eabi/6.3.1/../../../../arm-atollic-eabi/lib/armv7e-m/fpu/fpv5-d16/libc_nano.a(lib_a-fwalk.o)
                0x0000000008004624                _fwalk_reent
 .text.__libc_init_array
                0x0000000008004660       0x48 /opt/Atollic_TrueSTUDIO_for_STM32_x86_64_9.1.0/ARMTools/bin/../lib/gcc/arm-atollic-eabi/6.3.1/../../../../arm-atollic-eabi/lib/armv7e-m/fpu/fpv5-d16/libc_nano.a(lib_a-init.o)
                0x0000000008004660                __libc_init_array
 .text.memset   0x00000000080046a8       0x10 /opt/Atollic_TrueSTUDIO_for_STM32_x86_64_9.1.0/ARMTools/bin/../lib/gcc/arm-atollic-eabi/6.3.1/../../../../arm-atollic-eabi/lib/armv7e-m/fpu/fpv5-d16/libc_nano.a(lib_a-memset.o)
                0x00000000080046a8                memset
 .text._free_r  0x00000000080046b8       0x9c /opt/Atollic_TrueSTUDIO_for_STM32_x86_64_9.1.0/ARMTools/bin/../lib/gcc/arm-atollic-eabi/6.3.1/../../../../arm-atollic-eabi/lib/armv7e-m/fpu/fpv5-d16/libc_nano.a(lib_a-nano-freer.o)
                0x00000000080046b8                _free_r
 .text._malloc_r
                0x0000000008004754       0xbc /opt/Atollic_TrueSTUDIO_for_STM32_x86_64_9.1.0/ARMTools/bin/../lib/gcc/arm-atollic-eabi/6.3.1/../../../../arm-atollic-eabi/lib/armv7e-m/fpu/fpv5-d16/libc_nano.a(lib_a-nano-mallocr.o)
                0x0000000008004754                _malloc_r
 .text.printf   0x0000000008004810       0x30 /opt/Atollic_TrueSTUDIO_for_STM32_x86_64_9.1.0/ARMTools/bin/../lib/gcc/arm-atollic-eabi/6.3.1/../../../../arm-atollic-eabi/lib/armv7e-m/fpu/fpv5-d16/libc_nano.a(lib_a-printf.o)
                0x0000000008004810                printf
                0x0000000008004810                iprintf
 .text._puts_r  0x0000000008004840       0xb8 /opt/Atollic_TrueSTUDIO_for_STM32_x86_64_9.1.0/ARMTools/bin/../lib/gcc/arm-atollic-eabi/6.3.1/../../../../arm-atollic-eabi/lib/armv7e-m/fpu/fpv5-d16/libc_nano.a(lib_a-puts.o)
                0x0000000008004840                _puts_r
 .text.puts     0x00000000080048f8       0x10 /opt/Atollic_TrueSTUDIO_for_STM32_x86_64_9.1.0/ARMTools/bin/../lib/gcc/arm-atollic-eabi/6.3.1/../../../../arm-atollic-eabi/lib/armv7e-m/fpu/fpv5-d16/libc_nano.a(lib_a-puts.o)
                0x00000000080048f8                puts
 .text._sbrk_r  0x0000000008004908       0x20 /opt/Atollic_TrueSTUDIO_for_STM32_x86_64_9.1.0/ARMTools/bin/../lib/gcc/arm-atollic-eabi/6.3.1/../../../../arm-atollic-eabi/lib/armv7e-m/fpu/fpv5-d16/libc_nano.a(lib_a-sbrkr.o)
                0x0000000008004908                _sbrk_r
 .text.setvbuf  0x0000000008004928      0x15c /opt/Atollic_TrueSTUDIO_for_STM32_x86_64_9.1.0/ARMTools/bin/../lib/gcc/arm-atollic-eabi/6.3.1/../../../../arm-atollic-eabi/lib/armv7e-m/fpu/fpv5-d16/libc_nano.a(lib_a-setvbuf.o)
                0x0000000008004928                setvbuf
 .text.__sread  0x0000000008004a84       0x22 /opt/Atollic_TrueSTUDIO_for_STM32_x86_64_9.1.0/ARMTools/bin/../lib/gcc/arm-atollic-eabi/6.3.1/../../../../arm-atollic-eabi/lib/armv7e-m/fpu/fpv5-d16/libc_nano.a(lib_a-stdio.o)
                0x0000000008004a84                __sread
 .text.__swrite
                0x0000000008004aa6       0x38 /opt/Atollic_TrueSTUDIO_for_STM32_x86_64_9.1.0/ARMTools/bin/../lib/gcc/arm-atollic-eabi/6.3.1/../../../../arm-atollic-eabi/lib/armv7e-m/fpu/fpv5-d16/libc_nano.a(lib_a-stdio.o)
                0x0000000008004aa6                __swrite
 .text.__sseek  0x0000000008004ade       0x24 /opt/Atollic_TrueSTUDIO_for_STM32_x86_64_9.1.0/ARMTools/bin/../lib/gcc/arm-atollic-eabi/6.3.1/../../../../arm-atollic-eabi/lib/armv7e-m/fpu/fpv5-d16/libc_nano.a(lib_a-stdio.o)
                0x0000000008004ade                __sseek
 .text.__sclose
                0x0000000008004b02        0x8 /opt/Atollic_TrueSTUDIO_for_STM32_x86_64_9.1.0/ARMTools/bin/../lib/gcc/arm-atollic-eabi/6.3.1/../../../../arm-atollic-eabi/lib/armv7e-m/fpu/fpv5-d16/libc_nano.a(lib_a-stdio.o)
                0x0000000008004b02                __sclose
 *fill*         0x0000000008004b0a        0x2 
 .text.__swbuf_r
                0x0000000008004b0c       0xa4 /opt/Atollic_TrueSTUDIO_for_STM32_x86_64_9.1.0/ARMTools/bin/../lib/gcc/arm-atollic-eabi/6.3.1/../../../../arm-atollic-eabi/lib/armv7e-m/fpu/fpv5-d16/libc_nano.a(lib_a-wbuf.o)
                0x0000000008004b0c                __swbuf_r
 .text._write_r
                0x0000000008004bb0       0x24 /opt/Atollic_TrueSTUDIO_for_STM32_x86_64_9.1.0/ARMTools/bin/../lib/gcc/arm-atollic-eabi/6.3.1/../../../../arm-atollic-eabi/lib/armv7e-m/fpu/fpv5-d16/libc_nano.a(lib_a-writer.o)
                0x0000000008004bb0                _write_r
 .text.__swsetup_r
                0x0000000008004bd4       0xdc /opt/Atollic_TrueSTUDIO_for_STM32_x86_64_9.1.0/ARMTools/bin/../lib/gcc/arm-atollic-eabi/6.3.1/../../../../arm-atollic-eabi/lib/armv7e-m/fpu/fpv5-d16/libc_nano.a(lib_a-wsetup.o)
                0x0000000008004bd4                __swsetup_r
 .text._close_r
                0x0000000008004cb0       0x20 /opt/Atollic_TrueSTUDIO_for_STM32_x86_64_9.1.0/ARMTools/bin/../lib/gcc/arm-atollic-eabi/6.3.1/../../../../arm-atollic-eabi/lib/armv7e-m/fpu/fpv5-d16/libc_nano.a(lib_a-closer.o)
                0x0000000008004cb0                _close_r
 .text._lseek_r
                0x0000000008004cd0       0x24 /opt/Atollic_TrueSTUDIO_for_STM32_x86_64_9.1.0/ARMTools/bin/../lib/gcc/arm-atollic-eabi/6.3.1/../../../../arm-atollic-eabi/lib/armv7e-m/fpu/fpv5-d16/libc_nano.a(lib_a-lseekr.o)
                0x0000000008004cd0                _lseek_r
 .text.__swhatbuf_r
                0x0000000008004cf4       0x48 /opt/Atollic_TrueSTUDIO_for_STM32_x86_64_9.1.0/ARMTools/bin/../lib/gcc/arm-atollic-eabi/6.3.1/../../../../arm-atollic-eabi/lib/armv7e-m/fpu/fpv5-d16/libc_nano.a(lib_a-makebuf.o)
                0x0000000008004cf4                __swhatbuf_r
 .text.__smakebuf_r
                0x0000000008004d3c       0x80 /opt/Atollic_TrueSTUDIO_for_STM32_x86_64_9.1.0/ARMTools/bin/../lib/gcc/arm-atollic-eabi/6.3.1/../../../../arm-atollic-eabi/lib/armv7e-m/fpu/fpv5-d16/libc_nano.a(lib_a-makebuf.o)
                0x0000000008004d3c                __smakebuf_r
 .text.malloc   0x0000000008004dbc       0x10 /opt/Atollic_TrueSTUDIO_for_STM32_x86_64_9.1.0/ARMTools/bin/../lib/gcc/arm-atollic-eabi/6.3.1/../../../../arm-atollic-eabi/lib/armv7e-m/fpu/fpv5-d16/libc_nano.a(lib_a-malloc.o)
                0x0000000008004dbc                malloc
 .text.__malloc_lock
                0x0000000008004dcc        0x2 /opt/Atollic_TrueSTUDIO_for_STM32_x86_64_9.1.0/ARMTools/bin/../lib/gcc/arm-atollic-eabi/6.3.1/../../../../arm-atollic-eabi/lib/armv7e-m/fpu/fpv5-d16/libc_nano.a(lib_a-mlock.o)
                0x0000000008004dcc                __malloc_lock
 .text.__malloc_unlock
                0x0000000008004dce        0x2 /opt/Atollic_TrueSTUDIO_for_STM32_x86_64_9.1.0/ARMTools/bin/../lib/gcc/arm-atollic-eabi/6.3.1/../../../../arm-atollic-eabi/lib/armv7e-m/fpu/fpv5-d16/libc_nano.a(lib_a-mlock.o)
                0x0000000008004dce                __malloc_unlock
 .text.__sfputc_r
                0x0000000008004dd0       0x30 /opt/Atollic_TrueSTUDIO_for_STM32_x86_64_9.1.0/ARMTools/bin/../lib/gcc/arm-atollic-eabi/6.3.1/../../../../arm-atollic-eabi/lib/armv7e-m/fpu/fpv5-d16/libc_nano.a(lib_a-nano-vfprintf.o)
 .text.__sfputs_r
                0x0000000008004e00       0x24 /opt/Atollic_TrueSTUDIO_for_STM32_x86_64_9.1.0/ARMTools/bin/../lib/gcc/arm-atollic-eabi/6.3.1/../../../../arm-atollic-eabi/lib/armv7e-m/fpu/fpv5-d16/libc_nano.a(lib_a-nano-vfprintf.o)
                0x0000000008004e00                __sfputs_r
 .text._vfprintf_r
                0x0000000008004e24      0x22c /opt/Atollic_TrueSTUDIO_for_STM32_x86_64_9.1.0/ARMTools/bin/../lib/gcc/arm-atollic-eabi/6.3.1/../../../../arm-atollic-eabi/lib/armv7e-m/fpu/fpv5-d16/libc_nano.a(lib_a-nano-vfprintf.o)
                0x0000000008004e24                _vfiprintf_r
                0x0000000008004e24                _vfprintf_r
 .text._printf_common
                0x0000000008005050       0xec /opt/Atollic_TrueSTUDIO_for_STM32_x86_64_9.1.0/ARMTools/bin/../lib/gcc/arm-atollic-eabi/6.3.1/../../../../arm-atollic-eabi/lib/armv7e-m/fpu/fpv5-d16/libc_nano.a(lib_a-nano-vfprintf_i.o)
                0x0000000008005050                _printf_common
 .text._printf_i
                0x000000000800513c      0x240 /opt/Atollic_TrueSTUDIO_for_STM32_x86_64_9.1.0/ARMTools/bin/../lib/gcc/arm-atollic-eabi/6.3.1/../../../../arm-atollic-eabi/lib/armv7e-m/fpu/fpv5-d16/libc_nano.a(lib_a-nano-vfprintf_i.o)
                0x000000000800513c                _printf_i
 .text._read_r  0x000000000800537c       0x24 /opt/Atollic_TrueSTUDIO_for_STM32_x86_64_9.1.0/ARMTools/bin/../lib/gcc/arm-atollic-eabi/6.3.1/../../../../arm-atollic-eabi/lib/armv7e-m/fpu/fpv5-d16/libc_nano.a(lib_a-readr.o)
                0x000000000800537c                _read_r
 .text._fstat_r
                0x00000000080053a0       0x24 /opt/Atollic_TrueSTUDIO_for_STM32_x86_64_9.1.0/ARMTools/bin/../lib/gcc/arm-atollic-eabi/6.3.1/../../../../arm-atollic-eabi/lib/armv7e-m/fpu/fpv5-d16/libc_nano.a(lib_a-fstatr.o)
                0x00000000080053a0                _fstat_r
 .text._isatty_r
                0x00000000080053c4       0x20 /opt/Atollic_TrueSTUDIO_for_STM32_x86_64_9.1.0/ARMTools/bin/../lib/gcc/arm-atollic-eabi/6.3.1/../../../../arm-atollic-eabi/lib/armv7e-m/fpu/fpv5-d16/libc_nano.a(lib_a-isattyr.o)
                0x00000000080053c4                _isatty_r
 *(.glue_7)
 .glue_7        0x00000000080053e4        0x0 linker stubs
 *(.glue_7t)
 .glue_7t       0x00000000080053e4        0x0 linker stubs
 *(.eh_frame)
 .eh_frame      0x00000000080053e4        0x0 /opt/Atollic_TrueSTUDIO_for_STM32_x86_64_9.1.0/ARMTools/bin/../lib/gcc/arm-atollic-eabi/6.3.1/armv7e-m/fpu/fpv5-d16/crtbegin.o
 *(.init)
 .init          0x00000000080053e4        0x4 /opt/Atollic_TrueSTUDIO_for_STM32_x86_64_9.1.0/ARMTools/bin/../lib/gcc/arm-atollic-eabi/6.3.1/armv7e-m/fpu/fpv5-d16/crti.o
                0x00000000080053e4                _init
 .init          0x00000000080053e8        0x8 /opt/Atollic_TrueSTUDIO_for_STM32_x86_64_9.1.0/ARMTools/bin/../lib/gcc/arm-atollic-eabi/6.3.1/armv7e-m/fpu/fpv5-d16/crtn.o
 *(.fini)
 .fini          0x00000000080053f0        0x4 /opt/Atollic_TrueSTUDIO_for_STM32_x86_64_9.1.0/ARMTools/bin/../lib/gcc/arm-atollic-eabi/6.3.1/armv7e-m/fpu/fpv5-d16/crti.o
                0x00000000080053f0                _fini
 .fini          0x00000000080053f4        0x8 /opt/Atollic_TrueSTUDIO_for_STM32_x86_64_9.1.0/ARMTools/bin/../lib/gcc/arm-atollic-eabi/6.3.1/armv7e-m/fpu/fpv5-d16/crtn.o
                0x00000000080053fc                . = ALIGN (0x4)
                0x00000000080053fc                _etext = .

.vfp11_veneer   0x00000000080053fc        0x0
 .vfp11_veneer  0x00000000080053fc        0x0 linker stubs

.v4_bx          0x00000000080053fc        0x0
 .v4_bx         0x00000000080053fc        0x0 linker stubs

.iplt           0x00000000080053fc        0x0
 .iplt          0x00000000080053fc        0x0 /opt/Atollic_TrueSTUDIO_for_STM32_x86_64_9.1.0/ARMTools/bin/../lib/gcc/arm-atollic-eabi/6.3.1/armv7e-m/fpu/fpv5-d16/crtbegin.o

.rodata         0x00000000080053fc      0x300
                0x00000000080053fc                . = ALIGN (0x4)
 *(.rodata)
 *(.rodata*)
 .rodata.flagBitshiftOffset.10030
                0x00000000080053fc        0x8 Drivers/STM32F7xx_HAL_Driver/Src/stm32f7xx_hal_dma.o
 .rodata.UART_DMA_Init.str1.4
                0x0000000008005404       0x2f Middlewares/ST/STM32_SPWF0xSy/wifi_module.o
 *fill*         0x0000000008005433        0x1 
 .rodata.MX_CRC_Init.str1.4
                0x0000000008005434        0xd Src/crc.o
 *fill*         0x0000000008005441        0x3 
 .rodata.MX_I2C1_Init.str1.4
                0x0000000008005444        0xd Src/i2c.o
 *fill*         0x0000000008005451        0x3 
 .rodata.SystemClock_Config.str1.4
                0x0000000008005454        0xe Src/main.o
 *fill*         0x0000000008005462        0x2 
 .rodata.main.str1.4
                0x0000000008005464      0x197 Src/main.o
 *fill*         0x00000000080055fb        0x1 
 .rodata.MX_RTC_Init.str1.4
                0x00000000080055fc        0xd Src/rtc.o
 *fill*         0x0000000008005609        0x3 
 .rodata.MX_SPI1_Init.str1.4
                0x000000000800560c        0xd Src/spi.o
 *fill*         0x0000000008005619        0x3 
 .rodata.HAL_UART_ErrorCallback.str1.4
                0x000000000800561c        0xe Src/stm32f7xx_it.o
 *fill*         0x000000000800562a        0x2 
 .rodata.AHBPrescTable
                0x000000000800562c       0x10 Src/system_stm32f7xx.o
                0x000000000800562c                AHBPrescTable
 .rodata.APBPrescTable
                0x000000000800563c        0x8 Src/system_stm32f7xx.o
                0x000000000800563c                APBPrescTable
 .rodata.MX_TIM1_Init.str1.4
                0x0000000008005644        0xd Src/tim.o
 *fill*         0x0000000008005651        0x3 
 .rodata.MX_UART5_Init.str1.4
                0x0000000008005654       0x10 Src/usart.o
                                          0xf (size before relaxing)
 .rodata.__sf_fake_stderr
                0x0000000008005664       0x20 /opt/Atollic_TrueSTUDIO_for_STM32_x86_64_9.1.0/ARMTools/bin/../lib/gcc/arm-atollic-eabi/6.3.1/../../../../arm-atollic-eabi/lib/armv7e-m/fpu/fpv5-d16/libc_nano.a(lib_a-findfp.o)
                0x0000000008005664                __sf_fake_stderr
 .rodata.__sf_fake_stdin
                0x0000000008005684       0x20 /opt/Atollic_TrueSTUDIO_for_STM32_x86_64_9.1.0/ARMTools/bin/../lib/gcc/arm-atollic-eabi/6.3.1/../../../../arm-atollic-eabi/lib/armv7e-m/fpu/fpv5-d16/libc_nano.a(lib_a-findfp.o)
                0x0000000008005684                __sf_fake_stdin
 .rodata.__sf_fake_stdout
                0x00000000080056a4       0x20 /opt/Atollic_TrueSTUDIO_for_STM32_x86_64_9.1.0/ARMTools/bin/../lib/gcc/arm-atollic-eabi/6.3.1/../../../../arm-atollic-eabi/lib/armv7e-m/fpu/fpv5-d16/libc_nano.a(lib_a-findfp.o)
                0x00000000080056a4                __sf_fake_stdout
 .rodata._global_impure_ptr
                0x00000000080056c4        0x4 /opt/Atollic_TrueSTUDIO_for_STM32_x86_64_9.1.0/ARMTools/bin/../lib/gcc/arm-atollic-eabi/6.3.1/../../../../arm-atollic-eabi/lib/armv7e-m/fpu/fpv5-d16/libc_nano.a(lib_a-impure.o)
                0x00000000080056c4                _global_impure_ptr
 .rodata._vfprintf_r.str1.1
                0x00000000080056c8       0x11 /opt/Atollic_TrueSTUDIO_for_STM32_x86_64_9.1.0/ARMTools/bin/../lib/gcc/arm-atollic-eabi/6.3.1/../../../../arm-atollic-eabi/lib/armv7e-m/fpu/fpv5-d16/libc_nano.a(lib_a-nano-vfprintf.o)
 .rodata._printf_i.str1.1
                0x00000000080056d9       0x22 /opt/Atollic_TrueSTUDIO_for_STM32_x86_64_9.1.0/ARMTools/bin/../lib/gcc/arm-atollic-eabi/6.3.1/../../../../arm-atollic-eabi/lib/armv7e-m/fpu/fpv5-d16/libc_nano.a(lib_a-nano-vfprintf_i.o)
                0x00000000080056fc                . = ALIGN (0x4)
 *fill*         0x00000000080056fb        0x1 

.ARM.extab
 *(.ARM.extab* .gnu.linkonce.armextab.*)

.ARM            0x00000000080056fc        0x8
                0x00000000080056fc                __exidx_start = .
 *(.ARM.exidx*)
 .ARM.exidx     0x00000000080056fc        0x8 /opt/Atollic_TrueSTUDIO_for_STM32_x86_64_9.1.0/ARMTools/bin/../lib/gcc/arm-atollic-eabi/6.3.1/armv7e-m/fpu/fpv5-d16/libgcc.a(_udivmoddi4.o)
                0x0000000008005704                __exidx_end = .

.rel.dyn        0x0000000008005704        0x0
 .rel.iplt      0x0000000008005704        0x0 /opt/Atollic_TrueSTUDIO_for_STM32_x86_64_9.1.0/ARMTools/bin/../lib/gcc/arm-atollic-eabi/6.3.1/armv7e-m/fpu/fpv5-d16/crtbegin.o

.preinit_array  0x0000000008005704        0x0
                0x0000000008005704                PROVIDE (__preinit_array_start, .)
 *(.preinit_array*)
                0x0000000008005704                PROVIDE (__preinit_array_end, .)

.init_array     0x0000000008005704        0x4
                0x0000000008005704                PROVIDE (__init_array_start, .)
 *(SORT(.init_array.*))
 *(.init_array*)
 .init_array    0x0000000008005704        0x4 /opt/Atollic_TrueSTUDIO_for_STM32_x86_64_9.1.0/ARMTools/bin/../lib/gcc/arm-atollic-eabi/6.3.1/armv7e-m/fpu/fpv5-d16/crtbegin.o
                0x0000000008005708                PROVIDE (__init_array_end, .)

.fini_array     0x0000000008005708        0x4
                [!provide]                        PROVIDE (__fini_array_start, .)
 *(SORT(.fini_array.*))
 *(.fini_array*)
 .fini_array    0x0000000008005708        0x4 /opt/Atollic_TrueSTUDIO_for_STM32_x86_64_9.1.0/ARMTools/bin/../lib/gcc/arm-atollic-eabi/6.3.1/armv7e-m/fpu/fpv5-d16/crtbegin.o
                [!provide]                        PROVIDE (__fini_array_end, .)
                0x000000000800570c                _sidata = LOADADDR (.data)

.data           0x0000000020000000       0x70 load address 0x000000000800570c
                0x0000000020000000                . = ALIGN (0x4)
                0x0000000020000000                _sdata = .
 *(.data)
 *(.data*)
 .data.uwTickFreq
                0x0000000020000000        0x1 Drivers/STM32F7xx_HAL_Driver/Src/stm32f7xx_hal.o
                0x0000000020000000                uwTickFreq
 *fill*         0x0000000020000001        0x3 
 .data.uwTickPrio
                0x0000000020000004        0x4 Drivers/STM32F7xx_HAL_Driver/Src/stm32f7xx_hal.o
                0x0000000020000004                uwTickPrio
 .data.SystemCoreClock
                0x0000000020000008        0x4 Src/system_stm32f7xx.o
                0x0000000020000008                SystemCoreClock
 .data._impure_ptr
                0x000000002000000c        0x4 /opt/Atollic_TrueSTUDIO_for_STM32_x86_64_9.1.0/ARMTools/bin/../lib/gcc/arm-atollic-eabi/6.3.1/../../../../arm-atollic-eabi/lib/armv7e-m/fpu/fpv5-d16/libc_nano.a(lib_a-impure.o)
                0x000000002000000c                _impure_ptr
 .data.impure_data
                0x0000000020000010       0x60 /opt/Atollic_TrueSTUDIO_for_STM32_x86_64_9.1.0/ARMTools/bin/../lib/gcc/arm-atollic-eabi/6.3.1/../../../../arm-atollic-eabi/lib/armv7e-m/fpu/fpv5-d16/libc_nano.a(lib_a-impure.o)
                0x0000000020000070                . = ALIGN (0x4)
                0x0000000020000070                _edata = .

.igot.plt       0x0000000020000070        0x0 load address 0x000000000800577c
 .igot.plt      0x0000000020000070        0x0 /opt/Atollic_TrueSTUDIO_for_STM32_x86_64_9.1.0/ARMTools/bin/../lib/gcc/arm-atollic-eabi/6.3.1/armv7e-m/fpu/fpv5-d16/crtbegin.o
                0x0000000020000070                . = ALIGN (0x4)

.bss            0x0000000020000070     0x1778 load address 0x000000000800577c
                0x0000000020000070                _sbss = .
                0x0000000020000070                __bss_start__ = _sbss
 *(.bss)
 .bss           0x0000000020000070       0x1c /opt/Atollic_TrueSTUDIO_for_STM32_x86_64_9.1.0/ARMTools/bin/../lib/gcc/arm-atollic-eabi/6.3.1/armv7e-m/fpu/fpv5-d16/crtbegin.o
 *(.bss*)
 .bss.heap_end.7010
                0x000000002000008c        0x4 Src/syscalls.o
 .bss.__malloc_free_list
                0x0000000020000090        0x4 /opt/Atollic_TrueSTUDIO_for_STM32_x86_64_9.1.0/ARMTools/bin/../lib/gcc/arm-atollic-eabi/6.3.1/../../../../arm-atollic-eabi/lib/armv7e-m/fpu/fpv5-d16/libc_nano.a(lib_a-nano-mallocr.o)
                0x0000000020000090                __malloc_free_list
 .bss.__malloc_sbrk_start
                0x0000000020000094        0x4 /opt/Atollic_TrueSTUDIO_for_STM32_x86_64_9.1.0/ARMTools/bin/../lib/gcc/arm-atollic-eabi/6.3.1/../../../../arm-atollic-eabi/lib/armv7e-m/fpu/fpv5-d16/libc_nano.a(lib_a-nano-mallocr.o)
                0x0000000020000094                __malloc_sbrk_start
 *(COMMON)
 COMMON         0x0000000020000098       0x70 Drivers/BSP/X-NUCLEO-IDW0xx1/stm32_spwf_wifi.o
                0x0000000020000098                huart2
 COMMON         0x0000000020000108        0x4 Drivers/STM32F7xx_HAL_Driver/Src/stm32f7xx_hal.o
                0x0000000020000108                uwTick
 COMMON         0x000000002000010c      0xf68 Middlewares/ST/STM32_SPWF0xSy/Utils/wifi_globals.o
                0x000000002000010c                client_connected_on_server_socket
                0x000000002000011c                IO_status_flag
                0x0000000020000134                UartMsgHandle
                0x0000000020000138                wifi_scanned_list
                0x000000002000013c                UserDataBuff
                0x000000002000033c                UartWiFiHandle
                0x00000000200003ac                packet_payload_data_available
                0x00000000200003b0                WiFi_Control_Variables
                0x00000000200003bc                WiFi_Counter_Variables
                0x00000000200004b8                WiFi_SPI_Packet
                0x0000000020000538                open_sockets
                0x0000000020000540                PushTimHandle
                0x0000000020000580                open_web_socket
                0x0000000020000584                SpiHandle
                0x00000000200005e8                dma_buffer
                0x00000000200005ec                element
                0x00000000200005f4                Client_Socket_Close_Callback
                0x00000000200005fc                WiFi_Config_Variables
                0x0000000020000630                WiFi_AT_Cmd_Buff
                0x0000000020000e30                pop_buffer
                0x0000000020001030                open_server_sockets
                0x0000000020001034                TimHandle
 COMMON         0x0000000020001074       0x84 Middlewares/ST/STM32_SPWF0xSy/wifi_interface.o
                0x0000000020001074                huart3
                0x00000000200010e4                WAKEUP_InitStruct
 COMMON         0x00000000200010f8      0x288 Middlewares/ST/STM32_SPWF0xSy/wifi_module.o
                0x00000000200010f8                hdma_usart2_rx
                0x0000000020001158                DMA_UART_RX
                0x00000000200011b8                hdma_usart3_rx
                0x0000000020001218                hdma_usart3_tx
                0x0000000020001278                DMA_WIFI_UART
                0x00000000200012d8                hdma_usart2_tx
                0x0000000020001338                console_send_char
                0x000000002000133c                wifi_instances
 COMMON         0x0000000020001380       0x24 Src/crc.o
                0x0000000020001380                hcrc
 COMMON         0x00000000200013a4       0x98 Src/i2c.o
                0x00000000200013a4                hi2c1
                0x00000000200013f0                hi2c2
 COMMON         0x000000002000143c       0x20 Src/rtc.o
                0x000000002000143c                hrtc
 COMMON         0x000000002000145c       0xc8 Src/spi.o
                0x000000002000145c                hspi2
                0x00000000200014c0                hspi1
 COMMON         0x0000000020001524       0x80 Src/stm32f7xx_it.o
                0x0000000020001524                htim3
                0x0000000020001564                htim2
 COMMON         0x00000000200015a4       0x80 Src/tim.o
                0x00000000200015a4                htim4
                0x00000000200015e4                htim1
 COMMON         0x0000000020001624      0x1c0 Src/usart.o
                0x0000000020001624                huart7
                0x0000000020001694                huart5
                0x0000000020001704                huart8
                0x0000000020001774                huart6
 COMMON         0x00000000200017e4        0x4 /opt/Atollic_TrueSTUDIO_for_STM32_x86_64_9.1.0/ARMTools/bin/../lib/gcc/arm-atollic-eabi/6.3.1/../../../../arm-atollic-eabi/lib/armv7e-m/fpu/fpv5-d16/libc_nano.a(lib_a-reent.o)
                0x00000000200017e4                errno
                0x00000000200017e8                . = ALIGN (0x4)
                0x00000000200017e8                _ebss = .
                0x00000000200017e8                __bss_end__ = _ebss

._user_heap_stack
                0x00000000200017e8      0x600 load address 0x000000000800577c
                0x00000000200017e8                . = ALIGN (0x4)
                0x00000000200017e8                PROVIDE (end, .)
                [!provide]                        PROVIDE (_end, .)
                0x00000000200019e8                . = (. + _Min_Heap_Size)
 *fill*         0x00000000200017e8      0x200 
                0x0000000020001de8                . = (. + _Min_Stack_Size)
 *fill*         0x00000000200019e8      0x400 
                0x0000000020001de8                . = ALIGN (0x4)

/DISCARD/
 libc.a(*)
 libm.a(*)
 libgcc.a(*)

.ARM.attributes
                0x0000000000000000       0x2e
 *(.ARM.attributes)
 .ARM.attributes
                0x0000000000000000       0x20 /opt/Atollic_TrueSTUDIO_for_STM32_x86_64_9.1.0/ARMTools/bin/../lib/gcc/arm-atollic-eabi/6.3.1/armv7e-m/fpu/fpv5-d16/crti.o
 .ARM.attributes
                0x0000000000000020       0x32 /opt/Atollic_TrueSTUDIO_for_STM32_x86_64_9.1.0/ARMTools/bin/../lib/gcc/arm-atollic-eabi/6.3.1/armv7e-m/fpu/fpv5-d16/crtbegin.o
 .ARM.attributes
                0x0000000000000052       0x37 Drivers/BSP/X-NUCLEO-IDW0xx1/stm32_spwf_wifi.o
 .ARM.attributes
                0x0000000000000089       0x37 Drivers/STM32F7xx_HAL_Driver/Src/stm32f7xx_hal.o
 .ARM.attributes
                0x00000000000000c0       0x37 Drivers/STM32F7xx_HAL_Driver/Src/stm32f7xx_hal_cortex.o
 .ARM.attributes
                0x00000000000000f7       0x37 Drivers/STM32F7xx_HAL_Driver/Src/stm32f7xx_hal_crc.o
 .ARM.attributes
                0x000000000000012e       0x37 Drivers/STM32F7xx_HAL_Driver/Src/stm32f7xx_hal_crc_ex.o
 .ARM.attributes
                0x0000000000000165       0x37 Drivers/STM32F7xx_HAL_Driver/Src/stm32f7xx_hal_dma.o
 .ARM.attributes
                0x000000000000019c       0x37 Drivers/STM32F7xx_HAL_Driver/Src/stm32f7xx_hal_gpio.o
 .ARM.attributes
                0x00000000000001d3       0x37 Drivers/STM32F7xx_HAL_Driver/Src/stm32f7xx_hal_i2c.o
 .ARM.attributes
                0x000000000000020a       0x37 Drivers/STM32F7xx_HAL_Driver/Src/stm32f7xx_hal_i2c_ex.o
 .ARM.attributes
                0x0000000000000241       0x37 Drivers/STM32F7xx_HAL_Driver/Src/stm32f7xx_hal_pwr_ex.o
 .ARM.attributes
                0x0000000000000278       0x37 Drivers/STM32F7xx_HAL_Driver/Src/stm32f7xx_hal_rcc.o
 .ARM.attributes
                0x00000000000002af       0x37 Drivers/STM32F7xx_HAL_Driver/Src/stm32f7xx_hal_rcc_ex.o
 .ARM.attributes
                0x00000000000002e6       0x37 Drivers/STM32F7xx_HAL_Driver/Src/stm32f7xx_hal_rtc.o
 .ARM.attributes
                0x000000000000031d       0x37 Drivers/STM32F7xx_HAL_Driver/Src/stm32f7xx_hal_spi.o
 .ARM.attributes
                0x0000000000000354       0x37 Drivers/STM32F7xx_HAL_Driver/Src/stm32f7xx_hal_tim.o
 .ARM.attributes
                0x000000000000038b       0x37 Drivers/STM32F7xx_HAL_Driver/Src/stm32f7xx_hal_tim_ex.o
 .ARM.attributes
                0x00000000000003c2       0x37 Drivers/STM32F7xx_HAL_Driver/Src/stm32f7xx_hal_uart.o
 .ARM.attributes
                0x00000000000003f9       0x37 Middlewares/ST/STM32_SPWF0xSy/Utils/wifi_globals.o
 .ARM.attributes
                0x0000000000000430       0x37 Middlewares/ST/STM32_SPWF0xSy/wifi_interface.o
 .ARM.attributes
                0x0000000000000467       0x37 Middlewares/ST/STM32_SPWF0xSy/wifi_module.o
 .ARM.attributes
                0x000000000000049e       0x37 Src/console.o
 .ARM.attributes
                0x00000000000004d5       0x37 Src/crc.o
 .ARM.attributes
                0x000000000000050c       0x37 Src/dma.o
 .ARM.attributes
                0x0000000000000543       0x37 Src/gpio.o
 .ARM.attributes
                0x000000000000057a       0x37 Src/i2c.o
 .ARM.attributes
                0x00000000000005b1       0x37 Src/main.o
 .ARM.attributes
                0x00000000000005e8       0x37 Src/rtc.o
 .ARM.attributes
                0x000000000000061f       0x37 Src/spi.o
 .ARM.attributes
                0x0000000000000656       0x37 Src/stm32f7xx_hal_msp.o
 .ARM.attributes
                0x000000000000068d       0x37 Src/stm32f7xx_it.o
 .ARM.attributes
                0x00000000000006c4       0x37 Src/syscalls.o
 .ARM.attributes
                0x00000000000006fb       0x37 Src/system_stm32f7xx.o
 .ARM.attributes
                0x0000000000000732       0x37 Src/tim.o
 .ARM.attributes
                0x0000000000000769       0x37 Src/usart.o
 .ARM.attributes
                0x00000000000007a0       0x21 startup/startup_stm32f767xx.o
 .ARM.attributes
                0x00000000000007c1       0x32 /opt/Atollic_TrueSTUDIO_for_STM32_x86_64_9.1.0/ARMTools/bin/../lib/gcc/arm-atollic-eabi/6.3.1/../../../../arm-atollic-eabi/lib/armv7e-m/fpu/fpv5-d16/libc_nano.a(lib_a-errno.o)
 .ARM.attributes
                0x00000000000007f3       0x32 /opt/Atollic_TrueSTUDIO_for_STM32_x86_64_9.1.0/ARMTools/bin/../lib/gcc/arm-atollic-eabi/6.3.1/../../../../arm-atollic-eabi/lib/armv7e-m/fpu/fpv5-d16/libc_nano.a(lib_a-fflush.o)
 .ARM.attributes
                0x0000000000000825       0x32 /opt/Atollic_TrueSTUDIO_for_STM32_x86_64_9.1.0/ARMTools/bin/../lib/gcc/arm-atollic-eabi/6.3.1/../../../../arm-atollic-eabi/lib/armv7e-m/fpu/fpv5-d16/libc_nano.a(lib_a-findfp.o)
 .ARM.attributes
                0x0000000000000857       0x32 /opt/Atollic_TrueSTUDIO_for_STM32_x86_64_9.1.0/ARMTools/bin/../lib/gcc/arm-atollic-eabi/6.3.1/../../../../arm-atollic-eabi/lib/armv7e-m/fpu/fpv5-d16/libc_nano.a(lib_a-fwalk.o)
 .ARM.attributes
                0x0000000000000889       0x32 /opt/Atollic_TrueSTUDIO_for_STM32_x86_64_9.1.0/ARMTools/bin/../lib/gcc/arm-atollic-eabi/6.3.1/../../../../arm-atollic-eabi/lib/armv7e-m/fpu/fpv5-d16/libc_nano.a(lib_a-impure.o)
 .ARM.attributes
                0x00000000000008bb       0x32 /opt/Atollic_TrueSTUDIO_for_STM32_x86_64_9.1.0/ARMTools/bin/../lib/gcc/arm-atollic-eabi/6.3.1/../../../../arm-atollic-eabi/lib/armv7e-m/fpu/fpv5-d16/libc_nano.a(lib_a-init.o)
 .ARM.attributes
                0x00000000000008ed       0x1e /opt/Atollic_TrueSTUDIO_for_STM32_x86_64_9.1.0/ARMTools/bin/../lib/gcc/arm-atollic-eabi/6.3.1/../../../../arm-atollic-eabi/lib/armv7e-m/fpu/fpv5-d16/libc_nano.a(lib_a-memchr.o)
 .ARM.attributes
                0x000000000000090b       0x32 /opt/Atollic_TrueSTUDIO_for_STM32_x86_64_9.1.0/ARMTools/bin/../lib/gcc/arm-atollic-eabi/6.3.1/../../../../arm-atollic-eabi/lib/armv7e-m/fpu/fpv5-d16/libc_nano.a(lib_a-memset.o)
 .ARM.attributes
                0x000000000000093d       0x32 /opt/Atollic_TrueSTUDIO_for_STM32_x86_64_9.1.0/ARMTools/bin/../lib/gcc/arm-atollic-eabi/6.3.1/../../../../arm-atollic-eabi/lib/armv7e-m/fpu/fpv5-d16/libc_nano.a(lib_a-nano-freer.o)
 .ARM.attributes
                0x000000000000096f       0x32 /opt/Atollic_TrueSTUDIO_for_STM32_x86_64_9.1.0/ARMTools/bin/../lib/gcc/arm-atollic-eabi/6.3.1/../../../../arm-atollic-eabi/lib/armv7e-m/fpu/fpv5-d16/libc_nano.a(lib_a-nano-mallocr.o)
 .ARM.attributes
                0x00000000000009a1       0x32 /opt/Atollic_TrueSTUDIO_for_STM32_x86_64_9.1.0/ARMTools/bin/../lib/gcc/arm-atollic-eabi/6.3.1/../../../../arm-atollic-eabi/lib/armv7e-m/fpu/fpv5-d16/libc_nano.a(lib_a-printf.o)
 .ARM.attributes
                0x00000000000009d3       0x32 /opt/Atollic_TrueSTUDIO_for_STM32_x86_64_9.1.0/ARMTools/bin/../lib/gcc/arm-atollic-eabi/6.3.1/../../../../arm-atollic-eabi/lib/armv7e-m/fpu/fpv5-d16/libc_nano.a(lib_a-puts.o)
 .ARM.attributes
                0x0000000000000a05       0x32 /opt/Atollic_TrueSTUDIO_for_STM32_x86_64_9.1.0/ARMTools/bin/../lib/gcc/arm-atollic-eabi/6.3.1/../../../../arm-atollic-eabi/lib/armv7e-m/fpu/fpv5-d16/libc_nano.a(lib_a-sbrkr.o)
 .ARM.attributes
                0x0000000000000a37       0x32 /opt/Atollic_TrueSTUDIO_for_STM32_x86_64_9.1.0/ARMTools/bin/../lib/gcc/arm-atollic-eabi/6.3.1/../../../../arm-atollic-eabi/lib/armv7e-m/fpu/fpv5-d16/libc_nano.a(lib_a-setvbuf.o)
 .ARM.attributes
                0x0000000000000a69       0x32 /opt/Atollic_TrueSTUDIO_for_STM32_x86_64_9.1.0/ARMTools/bin/../lib/gcc/arm-atollic-eabi/6.3.1/../../../../arm-atollic-eabi/lib/armv7e-m/fpu/fpv5-d16/libc_nano.a(lib_a-stdio.o)
 .ARM.attributes
                0x0000000000000a9b       0x32 /opt/Atollic_TrueSTUDIO_for_STM32_x86_64_9.1.0/ARMTools/bin/../lib/gcc/arm-atollic-eabi/6.3.1/../../../../arm-atollic-eabi/lib/armv7e-m/fpu/fpv5-d16/libc_nano.a(lib_a-wbuf.o)
 .ARM.attributes
                0x0000000000000acd       0x32 /opt/Atollic_TrueSTUDIO_for_STM32_x86_64_9.1.0/ARMTools/bin/../lib/gcc/arm-atollic-eabi/6.3.1/../../../../arm-atollic-eabi/lib/armv7e-m/fpu/fpv5-d16/libc_nano.a(lib_a-writer.o)
 .ARM.attributes
                0x0000000000000aff       0x32 /opt/Atollic_TrueSTUDIO_for_STM32_x86_64_9.1.0/ARMTools/bin/../lib/gcc/arm-atollic-eabi/6.3.1/../../../../arm-atollic-eabi/lib/armv7e-m/fpu/fpv5-d16/libc_nano.a(lib_a-wsetup.o)
 .ARM.attributes
                0x0000000000000b31       0x32 /opt/Atollic_TrueSTUDIO_for_STM32_x86_64_9.1.0/ARMTools/bin/../lib/gcc/arm-atollic-eabi/6.3.1/../../../../arm-atollic-eabi/lib/armv7e-m/fpu/fpv5-d16/libc_nano.a(lib_a-closer.o)
 .ARM.attributes
                0x0000000000000b63       0x32 /opt/Atollic_TrueSTUDIO_for_STM32_x86_64_9.1.0/ARMTools/bin/../lib/gcc/arm-atollic-eabi/6.3.1/../../../../arm-atollic-eabi/lib/armv7e-m/fpu/fpv5-d16/libc_nano.a(lib_a-lseekr.o)
 .ARM.attributes
                0x0000000000000b95       0x32 /opt/Atollic_TrueSTUDIO_for_STM32_x86_64_9.1.0/ARMTools/bin/../lib/gcc/arm-atollic-eabi/6.3.1/../../../../arm-atollic-eabi/lib/armv7e-m/fpu/fpv5-d16/libc_nano.a(lib_a-makebuf.o)
 .ARM.attributes
                0x0000000000000bc7       0x32 /opt/Atollic_TrueSTUDIO_for_STM32_x86_64_9.1.0/ARMTools/bin/../lib/gcc/arm-atollic-eabi/6.3.1/../../../../arm-atollic-eabi/lib/armv7e-m/fpu/fpv5-d16/libc_nano.a(lib_a-malloc.o)
 .ARM.attributes
                0x0000000000000bf9       0x32 /opt/Atollic_TrueSTUDIO_for_STM32_x86_64_9.1.0/ARMTools/bin/../lib/gcc/arm-atollic-eabi/6.3.1/../../../../arm-atollic-eabi/lib/armv7e-m/fpu/fpv5-d16/libc_nano.a(lib_a-mlock.o)
 .ARM.attributes
                0x0000000000000c2b       0x32 /opt/Atollic_TrueSTUDIO_for_STM32_x86_64_9.1.0/ARMTools/bin/../lib/gcc/arm-atollic-eabi/6.3.1/../../../../arm-atollic-eabi/lib/armv7e-m/fpu/fpv5-d16/libc_nano.a(lib_a-nano-vfprintf.o)
 .ARM.attributes
                0x0000000000000c5d       0x32 /opt/Atollic_TrueSTUDIO_for_STM32_x86_64_9.1.0/ARMTools/bin/../lib/gcc/arm-atollic-eabi/6.3.1/../../../../arm-atollic-eabi/lib/armv7e-m/fpu/fpv5-d16/libc_nano.a(lib_a-nano-vfprintf_i.o)
 .ARM.attributes
                0x0000000000000c8f       0x32 /opt/Atollic_TrueSTUDIO_for_STM32_x86_64_9.1.0/ARMTools/bin/../lib/gcc/arm-atollic-eabi/6.3.1/../../../../arm-atollic-eabi/lib/armv7e-m/fpu/fpv5-d16/libc_nano.a(lib_a-readr.o)
 .ARM.attributes
                0x0000000000000cc1       0x32 /opt/Atollic_TrueSTUDIO_for_STM32_x86_64_9.1.0/ARMTools/bin/../lib/gcc/arm-atollic-eabi/6.3.1/../../../../arm-atollic-eabi/lib/armv7e-m/fpu/fpv5-d16/libc_nano.a(lib_a-reent.o)
 .ARM.attributes
                0x0000000000000cf3       0x32 /opt/Atollic_TrueSTUDIO_for_STM32_x86_64_9.1.0/ARMTools/bin/../lib/gcc/arm-atollic-eabi/6.3.1/../../../../arm-atollic-eabi/lib/armv7e-m/fpu/fpv5-d16/libc_nano.a(lib_a-fstatr.o)
 .ARM.attributes
                0x0000000000000d25       0x32 /opt/Atollic_TrueSTUDIO_for_STM32_x86_64_9.1.0/ARMTools/bin/../lib/gcc/arm-atollic-eabi/6.3.1/../../../../arm-atollic-eabi/lib/armv7e-m/fpu/fpv5-d16/libc_nano.a(lib_a-isattyr.o)
 .ARM.attributes
                0x0000000000000d57       0x20 /opt/Atollic_TrueSTUDIO_for_STM32_x86_64_9.1.0/ARMTools/bin/../lib/gcc/arm-atollic-eabi/6.3.1/armv7e-m/fpu/fpv5-d16/libgcc.a(_aeabi_uldivmod.o)
 .ARM.attributes
                0x0000000000000d77       0x32 /opt/Atollic_TrueSTUDIO_for_STM32_x86_64_9.1.0/ARMTools/bin/../lib/gcc/arm-atollic-eabi/6.3.1/armv7e-m/fpu/fpv5-d16/libgcc.a(_udivmoddi4.o)
 .ARM.attributes
                0x0000000000000da9       0x20 /opt/Atollic_TrueSTUDIO_for_STM32_x86_64_9.1.0/ARMTools/bin/../lib/gcc/arm-atollic-eabi/6.3.1/armv7e-m/fpu/fpv5-d16/libgcc.a(_dvmd_tls.o)
 .ARM.attributes
                0x0000000000000dc9       0x20 /opt/Atollic_TrueSTUDIO_for_STM32_x86_64_9.1.0/ARMTools/bin/../lib/gcc/arm-atollic-eabi/6.3.1/armv7e-m/fpu/fpv5-d16/crtn.o
OUTPUT(RobotSTCOM.elf elf32-littlearm)

.debug_info     0x0000000000000000    0x3d4e6
 .debug_info    0x0000000000000000     0x3189 Drivers/BSP/X-NUCLEO-IDW0xx1/stm32_spwf_wifi.o
 .debug_info    0x0000000000003189     0x12e3 Drivers/STM32F7xx_HAL_Driver/Src/stm32f7xx_hal.o
 .debug_info    0x000000000000446c     0x19ae Drivers/STM32F7xx_HAL_Driver/Src/stm32f7xx_hal_cortex.o
 .debug_info    0x0000000000005e1a      0xdf2 Drivers/STM32F7xx_HAL_Driver/Src/stm32f7xx_hal_crc.o
 .debug_info    0x0000000000006c0c      0xbe4 Drivers/STM32F7xx_HAL_Driver/Src/stm32f7xx_hal_crc_ex.o
 .debug_info    0x00000000000077f0     0x126e Drivers/STM32F7xx_HAL_Driver/Src/stm32f7xx_hal_dma.o
 .debug_info    0x0000000000008a5e      0xfbb Drivers/STM32F7xx_HAL_Driver/Src/stm32f7xx_hal_gpio.o
 .debug_info    0x0000000000009a19     0x3a05 Drivers/STM32F7xx_HAL_Driver/Src/stm32f7xx_hal_i2c.o
 .debug_info    0x000000000000d41e     0x11c2 Drivers/STM32F7xx_HAL_Driver/Src/stm32f7xx_hal_i2c_ex.o
 .debug_info    0x000000000000e5e0     0x1240 Drivers/STM32F7xx_HAL_Driver/Src/stm32f7xx_hal_pwr_ex.o
 .debug_info    0x000000000000f820     0x135f Drivers/STM32F7xx_HAL_Driver/Src/stm32f7xx_hal_rcc.o
 .debug_info    0x0000000000010b7f     0x1092 Drivers/STM32F7xx_HAL_Driver/Src/stm32f7xx_hal_rcc_ex.o
 .debug_info    0x0000000000011c11     0x16cb Drivers/STM32F7xx_HAL_Driver/Src/stm32f7xx_hal_rtc.o
 .debug_info    0x00000000000132dc     0x260b Drivers/STM32F7xx_HAL_Driver/Src/stm32f7xx_hal_spi.o
 .debug_info    0x00000000000158e7     0x371a Drivers/STM32F7xx_HAL_Driver/Src/stm32f7xx_hal_tim.o
 .debug_info    0x0000000000019001     0x1fb3 Drivers/STM32F7xx_HAL_Driver/Src/stm32f7xx_hal_tim_ex.o
 .debug_info    0x000000000001afb4     0x205e Drivers/STM32F7xx_HAL_Driver/Src/stm32f7xx_hal_uart.o
 .debug_info    0x000000000001d012     0x2773 Middlewares/ST/STM32_SPWF0xSy/Utils/wifi_globals.o
 .debug_info    0x000000000001f785     0x5438 Middlewares/ST/STM32_SPWF0xSy/wifi_interface.o
 .debug_info    0x0000000000024bbd     0x62c3 Middlewares/ST/STM32_SPWF0xSy/wifi_module.o
 .debug_info    0x000000000002ae80     0x110a Src/console.o
 .debug_info    0x000000000002bf8a      0xdbc Src/crc.o
 .debug_info    0x000000000002cd46      0xed5 Src/dma.o
 .debug_info    0x000000000002dc1b      0xea6 Src/gpio.o
 .debug_info    0x000000000002eac1     0x1423 Src/i2c.o
 .debug_info    0x000000000002fee4     0x3ea3 Src/main.o
 .debug_info    0x0000000000033d87      0xfab Src/rtc.o
 .debug_info    0x0000000000034d32     0x1369 Src/spi.o
 .debug_info    0x000000000003609b      0xf16 Src/stm32f7xx_hal_msp.o
 .debug_info    0x0000000000036fb1     0x1581 Src/stm32f7xx_it.o
 .debug_info    0x0000000000038532      0xfbf Src/syscalls.o
 .debug_info    0x00000000000394f1      0xf09 Src/system_stm32f7xx.o
 .debug_info    0x000000000003a3fa     0x154e Src/tim.o
 .debug_info    0x000000000003b948     0x1b26 Src/usart.o
 .debug_info    0x000000000003d46e       0x78 startup/startup_stm32f767xx.o

.debug_abbrev   0x0000000000000000     0x569e
 .debug_abbrev  0x0000000000000000      0x300 Drivers/BSP/X-NUCLEO-IDW0xx1/stm32_spwf_wifi.o
 .debug_abbrev  0x0000000000000300      0x2ab Drivers/STM32F7xx_HAL_Driver/Src/stm32f7xx_hal.o
 .debug_abbrev  0x00000000000005ab      0x3ab Drivers/STM32F7xx_HAL_Driver/Src/stm32f7xx_hal_cortex.o
 .debug_abbrev  0x0000000000000956      0x28e Drivers/STM32F7xx_HAL_Driver/Src/stm32f7xx_hal_crc.o
 .debug_abbrev  0x0000000000000be4      0x1eb Drivers/STM32F7xx_HAL_Driver/Src/stm32f7xx_hal_crc_ex.o
 .debug_abbrev  0x0000000000000dcf      0x2f0 Drivers/STM32F7xx_HAL_Driver/Src/stm32f7xx_hal_dma.o
 .debug_abbrev  0x00000000000010bf      0x26d Drivers/STM32F7xx_HAL_Driver/Src/stm32f7xx_hal_gpio.o
 .debug_abbrev  0x000000000000132c      0x2b6 Drivers/STM32F7xx_HAL_Driver/Src/stm32f7xx_hal_i2c.o
 .debug_abbrev  0x00000000000015e2      0x20e Drivers/STM32F7xx_HAL_Driver/Src/stm32f7xx_hal_i2c_ex.o
 .debug_abbrev  0x00000000000017f0      0x2b0 Drivers/STM32F7xx_HAL_Driver/Src/stm32f7xx_hal_pwr_ex.o
 .debug_abbrev  0x0000000000001aa0      0x31c Drivers/STM32F7xx_HAL_Driver/Src/stm32f7xx_hal_rcc.o
 .debug_abbrev  0x0000000000001dbc      0x264 Drivers/STM32F7xx_HAL_Driver/Src/stm32f7xx_hal_rcc_ex.o
 .debug_abbrev  0x0000000000002020      0x28e Drivers/STM32F7xx_HAL_Driver/Src/stm32f7xx_hal_rtc.o
 .debug_abbrev  0x00000000000022ae      0x2b8 Drivers/STM32F7xx_HAL_Driver/Src/stm32f7xx_hal_spi.o
 .debug_abbrev  0x0000000000002566      0x279 Drivers/STM32F7xx_HAL_Driver/Src/stm32f7xx_hal_tim.o
 .debug_abbrev  0x00000000000027df      0x2a4 Drivers/STM32F7xx_HAL_Driver/Src/stm32f7xx_hal_tim_ex.o
 .debug_abbrev  0x0000000000002a83      0x2da Drivers/STM32F7xx_HAL_Driver/Src/stm32f7xx_hal_uart.o
 .debug_abbrev  0x0000000000002d5d      0x216 Middlewares/ST/STM32_SPWF0xSy/Utils/wifi_globals.o
 .debug_abbrev  0x0000000000002f73      0x37d Middlewares/ST/STM32_SPWF0xSy/wifi_interface.o
 .debug_abbrev  0x00000000000032f0      0x3f3 Middlewares/ST/STM32_SPWF0xSy/wifi_module.o
 .debug_abbrev  0x00000000000036e3      0x26f Src/console.o
 .debug_abbrev  0x0000000000003952      0x21c Src/crc.o
 .debug_abbrev  0x0000000000003b6e      0x1fa Src/dma.o
 .debug_abbrev  0x0000000000003d68      0x1f1 Src/gpio.o
 .debug_abbrev  0x0000000000003f59      0x21e Src/i2c.o
 .debug_abbrev  0x0000000000004177      0x311 Src/main.o
 .debug_abbrev  0x0000000000004488      0x204 Src/rtc.o
 .debug_abbrev  0x000000000000468c      0x21e Src/spi.o
 .debug_abbrev  0x00000000000048aa      0x1fa Src/stm32f7xx_hal_msp.o
 .debug_abbrev  0x0000000000004aa4      0x2b0 Src/stm32f7xx_it.o
 .debug_abbrev  0x0000000000004d54      0x29e Src/syscalls.o
 .debug_abbrev  0x0000000000004ff2      0x1e9 Src/system_stm32f7xx.o
 .debug_abbrev  0x00000000000051db      0x236 Src/tim.o
 .debug_abbrev  0x0000000000005411      0x27b Src/usart.o
 .debug_abbrev  0x000000000000568c       0x12 startup/startup_stm32f767xx.o

.debug_loc      0x0000000000000000    0x12beb
 .debug_loc     0x0000000000000000       0xc6 Drivers/BSP/X-NUCLEO-IDW0xx1/stm32_spwf_wifi.o
 .debug_loc     0x00000000000000c6      0x108 Drivers/STM32F7xx_HAL_Driver/Src/stm32f7xx_hal.o
 .debug_loc     0x00000000000001ce      0x5c0 Drivers/STM32F7xx_HAL_Driver/Src/stm32f7xx_hal_cortex.o
 .debug_loc     0x000000000000078e      0x530 Drivers/STM32F7xx_HAL_Driver/Src/stm32f7xx_hal_crc.o
 .debug_loc     0x0000000000000cbe      0x19f Drivers/STM32F7xx_HAL_Driver/Src/stm32f7xx_hal_crc_ex.o
 .debug_loc     0x0000000000000e5d      0xb59 Drivers/STM32F7xx_HAL_Driver/Src/stm32f7xx_hal_dma.o
 .debug_loc     0x00000000000019b6      0x409 Drivers/STM32F7xx_HAL_Driver/Src/stm32f7xx_hal_gpio.o
 .debug_loc     0x0000000000001dbf     0x390f Drivers/STM32F7xx_HAL_Driver/Src/stm32f7xx_hal_i2c.o
 .debug_loc     0x00000000000056ce      0x176 Drivers/STM32F7xx_HAL_Driver/Src/stm32f7xx_hal_i2c_ex.o
 .debug_loc     0x0000000000005844      0x198 Drivers/STM32F7xx_HAL_Driver/Src/stm32f7xx_hal_pwr_ex.o
 .debug_loc     0x00000000000059dc      0x4b8 Drivers/STM32F7xx_HAL_Driver/Src/stm32f7xx_hal_rcc.o
 .debug_loc     0x0000000000005e94      0x61d Drivers/STM32F7xx_HAL_Driver/Src/stm32f7xx_hal_rcc_ex.o
 .debug_loc     0x00000000000064b1      0xb2f Drivers/STM32F7xx_HAL_Driver/Src/stm32f7xx_hal_rtc.o
 .debug_loc     0x0000000000006fe0     0x1ad7 Drivers/STM32F7xx_HAL_Driver/Src/stm32f7xx_hal_spi.o
 .debug_loc     0x0000000000008ab7     0x352a Drivers/STM32F7xx_HAL_Driver/Src/stm32f7xx_hal_tim.o
 .debug_loc     0x000000000000bfe1     0x1b2d Drivers/STM32F7xx_HAL_Driver/Src/stm32f7xx_hal_tim_ex.o
 .debug_loc     0x000000000000db0e     0x16aa Drivers/STM32F7xx_HAL_Driver/Src/stm32f7xx_hal_uart.o
 .debug_loc     0x000000000000f1b8     0x1a4f Middlewares/ST/STM32_SPWF0xSy/wifi_interface.o
 .debug_loc     0x0000000000010c07     0x170b Middlewares/ST/STM32_SPWF0xSy/wifi_module.o
 .debug_loc     0x0000000000012312       0x95 Src/console.o
 .debug_loc     0x00000000000123a7       0xa6 Src/i2c.o
 .debug_loc     0x000000000001244d       0x3f Src/main.o
 .debug_loc     0x000000000001248c       0xa6 Src/spi.o
 .debug_loc     0x0000000000012532       0x81 Src/stm32f7xx_it.o
 .debug_loc     0x00000000000125b3      0x3ad Src/syscalls.o
 .debug_loc     0x0000000000012960      0x13e Src/system_stm32f7xx.o
 .debug_loc     0x0000000000012a9e      0x14d Src/usart.o

.debug_aranges  0x0000000000000000     0x1998
 .debug_aranges
                0x0000000000000000       0x78 Drivers/BSP/X-NUCLEO-IDW0xx1/stm32_spwf_wifi.o
 .debug_aranges
                0x0000000000000078      0x110 Drivers/STM32F7xx_HAL_Driver/Src/stm32f7xx_hal.o
 .debug_aranges
                0x0000000000000188       0xa8 Drivers/STM32F7xx_HAL_Driver/Src/stm32f7xx_hal_cortex.o
 .debug_aranges
                0x0000000000000230       0x60 Drivers/STM32F7xx_HAL_Driver/Src/stm32f7xx_hal_crc.o
 .debug_aranges
                0x0000000000000290       0x30 Drivers/STM32F7xx_HAL_Driver/Src/stm32f7xx_hal_crc_ex.o
 .debug_aranges
                0x00000000000002c0       0x90 Drivers/STM32F7xx_HAL_Driver/Src/stm32f7xx_hal_dma.o
 .debug_aranges
                0x0000000000000350       0x58 Drivers/STM32F7xx_HAL_Driver/Src/stm32f7xx_hal_gpio.o
 .debug_aranges
                0x00000000000003a8      0x260 Drivers/STM32F7xx_HAL_Driver/Src/stm32f7xx_hal_i2c.o
 .debug_aranges
                0x0000000000000608       0x38 Drivers/STM32F7xx_HAL_Driver/Src/stm32f7xx_hal_i2c_ex.o
 .debug_aranges
                0x0000000000000640       0x80 Drivers/STM32F7xx_HAL_Driver/Src/stm32f7xx_hal_pwr_ex.o
 .debug_aranges
                0x00000000000006c0       0x88 Drivers/STM32F7xx_HAL_Driver/Src/stm32f7xx_hal_rcc.o
 .debug_aranges
                0x0000000000000748       0x50 Drivers/STM32F7xx_HAL_Driver/Src/stm32f7xx_hal_rcc_ex.o
 .debug_aranges
                0x0000000000000798       0xb8 Drivers/STM32F7xx_HAL_Driver/Src/stm32f7xx_hal_rtc.o
 .debug_aranges
                0x0000000000000850      0x1d8 Drivers/STM32F7xx_HAL_Driver/Src/stm32f7xx_hal_spi.o
 .debug_aranges
                0x0000000000000a28      0x368 Drivers/STM32F7xx_HAL_Driver/Src/stm32f7xx_hal_tim.o
 .debug_aranges
                0x0000000000000d90      0x178 Drivers/STM32F7xx_HAL_Driver/Src/stm32f7xx_hal_tim_ex.o
 .debug_aranges
                0x0000000000000f08      0x190 Drivers/STM32F7xx_HAL_Driver/Src/stm32f7xx_hal_uart.o
 .debug_aranges
                0x0000000000001098       0x20 Middlewares/ST/STM32_SPWF0xSy/Utils/wifi_globals.o
 .debug_aranges
                0x00000000000010b8      0x1e8 Middlewares/ST/STM32_SPWF0xSy/wifi_interface.o
 .debug_aranges
                0x00000000000012a0      0x2f8 Middlewares/ST/STM32_SPWF0xSy/wifi_module.o
 .debug_aranges
                0x0000000000001598       0x40 Src/console.o
 .debug_aranges
                0x00000000000015d8       0x30 Src/crc.o
 .debug_aranges
                0x0000000000001608       0x20 Src/dma.o
 .debug_aranges
                0x0000000000001628       0x20 Src/gpio.o
 .debug_aranges
                0x0000000000001648       0x38 Src/i2c.o
 .debug_aranges
                0x0000000000001680       0x38 Src/main.o
 .debug_aranges
                0x00000000000016b8       0x30 Src/rtc.o
 .debug_aranges
                0x00000000000016e8       0x38 Src/spi.o
 .debug_aranges
                0x0000000000001720       0x20 Src/stm32f7xx_hal_msp.o
 .debug_aranges
                0x0000000000001740       0xb8 Src/stm32f7xx_it.o
 .debug_aranges
                0x00000000000017f8       0xb0 Src/syscalls.o
 .debug_aranges
                0x00000000000018a8       0x28 Src/system_stm32f7xx.o
 .debug_aranges
                0x00000000000018d0       0x48 Src/tim.o
 .debug_aranges
                0x0000000000001918       0x58 Src/usart.o
 .debug_aranges
                0x0000000000001970       0x28 startup/startup_stm32f767xx.o

.debug_ranges   0x0000000000000000     0x17e8
 .debug_ranges  0x0000000000000000       0x68 Drivers/BSP/X-NUCLEO-IDW0xx1/stm32_spwf_wifi.o
 .debug_ranges  0x0000000000000068      0x100 Drivers/STM32F7xx_HAL_Driver/Src/stm32f7xx_hal.o
 .debug_ranges  0x0000000000000168       0xf8 Drivers/STM32F7xx_HAL_Driver/Src/stm32f7xx_hal_cortex.o
 .debug_ranges  0x0000000000000260       0x50 Drivers/STM32F7xx_HAL_Driver/Src/stm32f7xx_hal_crc.o
 .debug_ranges  0x00000000000002b0       0x20 Drivers/STM32F7xx_HAL_Driver/Src/stm32f7xx_hal_crc_ex.o
 .debug_ranges  0x00000000000002d0       0x80 Drivers/STM32F7xx_HAL_Driver/Src/stm32f7xx_hal_dma.o
 .debug_ranges  0x0000000000000350       0x48 Drivers/STM32F7xx_HAL_Driver/Src/stm32f7xx_hal_gpio.o
 .debug_ranges  0x0000000000000398      0x250 Drivers/STM32F7xx_HAL_Driver/Src/stm32f7xx_hal_i2c.o
 .debug_ranges  0x00000000000005e8       0x28 Drivers/STM32F7xx_HAL_Driver/Src/stm32f7xx_hal_i2c_ex.o
 .debug_ranges  0x0000000000000610       0x70 Drivers/STM32F7xx_HAL_Driver/Src/stm32f7xx_hal_pwr_ex.o
 .debug_ranges  0x0000000000000680       0x78 Drivers/STM32F7xx_HAL_Driver/Src/stm32f7xx_hal_rcc.o
 .debug_ranges  0x00000000000006f8       0x40 Drivers/STM32F7xx_HAL_Driver/Src/stm32f7xx_hal_rcc_ex.o
 .debug_ranges  0x0000000000000738       0xa8 Drivers/STM32F7xx_HAL_Driver/Src/stm32f7xx_hal_rtc.o
 .debug_ranges  0x00000000000007e0      0x1c8 Drivers/STM32F7xx_HAL_Driver/Src/stm32f7xx_hal_spi.o
 .debug_ranges  0x00000000000009a8      0x358 Drivers/STM32F7xx_HAL_Driver/Src/stm32f7xx_hal_tim.o
 .debug_ranges  0x0000000000000d00      0x168 Drivers/STM32F7xx_HAL_Driver/Src/stm32f7xx_hal_tim_ex.o
 .debug_ranges  0x0000000000000e68      0x180 Drivers/STM32F7xx_HAL_Driver/Src/stm32f7xx_hal_uart.o
 .debug_ranges  0x0000000000000fe8       0x10 Middlewares/ST/STM32_SPWF0xSy/Utils/wifi_globals.o
 .debug_ranges  0x0000000000000ff8      0x1d8 Middlewares/ST/STM32_SPWF0xSy/wifi_interface.o
 .debug_ranges  0x00000000000011d0      0x300 Middlewares/ST/STM32_SPWF0xSy/wifi_module.o
 .debug_ranges  0x00000000000014d0       0x30 Src/console.o
 .debug_ranges  0x0000000000001500       0x20 Src/crc.o
 .debug_ranges  0x0000000000001520       0x10 Src/dma.o
 .debug_ranges  0x0000000000001530       0x10 Src/gpio.o
 .debug_ranges  0x0000000000001540       0x28 Src/i2c.o
 .debug_ranges  0x0000000000001568       0x28 Src/main.o
 .debug_ranges  0x0000000000001590       0x20 Src/rtc.o
 .debug_ranges  0x00000000000015b0       0x28 Src/spi.o
 .debug_ranges  0x00000000000015d8       0x10 Src/stm32f7xx_hal_msp.o
 .debug_ranges  0x00000000000015e8       0xa8 Src/stm32f7xx_it.o
 .debug_ranges  0x0000000000001690       0xa0 Src/syscalls.o
 .debug_ranges  0x0000000000001730       0x18 Src/system_stm32f7xx.o
 .debug_ranges  0x0000000000001748       0x38 Src/tim.o
 .debug_ranges  0x0000000000001780       0x48 Src/usart.o
 .debug_ranges  0x00000000000017c8       0x20 startup/startup_stm32f767xx.o

.debug_macro    0x0000000000000000     0x9027
 .debug_macro   0x0000000000000000      0x48a Drivers/BSP/X-NUCLEO-IDW0xx1/stm32_spwf_wifi.o
 .debug_macro   0x000000000000048a       0x16 Drivers/BSP/X-NUCLEO-IDW0xx1/stm32_spwf_wifi.o
 .debug_macro   0x00000000000004a0      0x21a Drivers/BSP/X-NUCLEO-IDW0xx1/stm32_spwf_wifi.o
 .debug_macro   0x00000000000006ba      0x224 Drivers/BSP/X-NUCLEO-IDW0xx1/stm32_spwf_wifi.o
 .debug_macro   0x00000000000008de      0x381 Drivers/BSP/X-NUCLEO-IDW0xx1/stm32_spwf_wifi.o
 .debug_macro   0x0000000000000c5f      0x32c Drivers/BSP/X-NUCLEO-IDW0xx1/stm32_spwf_wifi.o
 .debug_macro   0x0000000000000f8b       0x66 Drivers/BSP/X-NUCLEO-IDW0xx1/stm32_spwf_wifi.o
 .debug_macro   0x0000000000000ff1       0x16 Drivers/BSP/X-NUCLEO-IDW0xx1/stm32_spwf_wifi.o
 .debug_macro   0x0000000000001007       0x35 Drivers/BSP/X-NUCLEO-IDW0xx1/stm32_spwf_wifi.o
 .debug_macro   0x000000000000103c       0x20 Drivers/BSP/X-NUCLEO-IDW0xx1/stm32_spwf_wifi.o
 .debug_macro   0x000000000000105c       0x16 Drivers/BSP/X-NUCLEO-IDW0xx1/stm32_spwf_wifi.o
 .debug_macro   0x0000000000001072       0x16 Drivers/BSP/X-NUCLEO-IDW0xx1/stm32_spwf_wifi.o
 .debug_macro   0x0000000000001088       0x29 Drivers/BSP/X-NUCLEO-IDW0xx1/stm32_spwf_wifi.o
 .debug_macro   0x00000000000010b1       0x16 Drivers/BSP/X-NUCLEO-IDW0xx1/stm32_spwf_wifi.o
 .debug_macro   0x00000000000010c7       0x10 Drivers/BSP/X-NUCLEO-IDW0xx1/stm32_spwf_wifi.o
 .debug_macro   0x00000000000010d7       0x41 Drivers/BSP/X-NUCLEO-IDW0xx1/stm32_spwf_wifi.o
 .debug_macro   0x0000000000001118       0x28 Drivers/BSP/X-NUCLEO-IDW0xx1/stm32_spwf_wifi.o
 .debug_macro   0x0000000000001140      0x395 Drivers/STM32F7xx_HAL_Driver/Src/stm32f7xx_hal.o
 .debug_macro   0x00000000000014d5      0x371 Drivers/STM32F7xx_HAL_Driver/Src/stm32f7xx_hal_cortex.o
 .debug_macro   0x0000000000001846      0x371 Drivers/STM32F7xx_HAL_Driver/Src/stm32f7xx_hal_crc.o
 .debug_macro   0x0000000000001bb7      0x371 Drivers/STM32F7xx_HAL_Driver/Src/stm32f7xx_hal_crc_ex.o
 .debug_macro   0x0000000000001f28      0x378 Drivers/STM32F7xx_HAL_Driver/Src/stm32f7xx_hal_dma.o
 .debug_macro   0x00000000000022a0      0x3a9 Drivers/STM32F7xx_HAL_Driver/Src/stm32f7xx_hal_gpio.o
 .debug_macro   0x0000000000002649      0x43d Drivers/STM32F7xx_HAL_Driver/Src/stm32f7xx_hal_i2c.o
 .debug_macro   0x0000000000002a86      0x371 Drivers/STM32F7xx_HAL_Driver/Src/stm32f7xx_hal_i2c_ex.o
 .debug_macro   0x0000000000002df7      0x389 Drivers/STM32F7xx_HAL_Driver/Src/stm32f7xx_hal_pwr_ex.o
 .debug_macro   0x0000000000003180      0x395 Drivers/STM32F7xx_HAL_Driver/Src/stm32f7xx_hal_rcc.o
 .debug_macro   0x0000000000003515      0x371 Drivers/STM32F7xx_HAL_Driver/Src/stm32f7xx_hal_rcc_ex.o
 .debug_macro   0x0000000000003886      0x372 Drivers/STM32F7xx_HAL_Driver/Src/stm32f7xx_hal_rtc.o
 .debug_macro   0x0000000000003bf8      0x379 Drivers/STM32F7xx_HAL_Driver/Src/stm32f7xx_hal_spi.o
 .debug_macro   0x0000000000003f71      0x372 Drivers/STM32F7xx_HAL_Driver/Src/stm32f7xx_hal_tim.o
 .debug_macro   0x00000000000042e3      0x37d Drivers/STM32F7xx_HAL_Driver/Src/stm32f7xx_hal_tim_ex.o
 .debug_macro   0x0000000000004660      0x379 Drivers/STM32F7xx_HAL_Driver/Src/stm32f7xx_hal_uart.o
 .debug_macro   0x00000000000049d9      0x471 Middlewares/ST/STM32_SPWF0xSy/Utils/wifi_globals.o
 .debug_macro   0x0000000000004e4a      0x47a Middlewares/ST/STM32_SPWF0xSy/wifi_interface.o
 .debug_macro   0x00000000000052c4       0x4c Middlewares/ST/STM32_SPWF0xSy/wifi_interface.o
 .debug_macro   0x0000000000005310      0x471 Middlewares/ST/STM32_SPWF0xSy/wifi_module.o
 .debug_macro   0x0000000000005781      0x3a5 Src/console.o
 .debug_macro   0x0000000000005b26      0x37b Src/crc.o
 .debug_macro   0x0000000000005ea1      0x37b Src/dma.o
 .debug_macro   0x000000000000621c      0x37b Src/gpio.o
 .debug_macro   0x0000000000006597      0x385 Src/i2c.o
 .debug_macro   0x000000000000691c      0x4ca Src/main.o
 .debug_macro   0x0000000000006de6      0x37b Src/rtc.o
 .debug_macro   0x0000000000007161      0x385 Src/spi.o
 .debug_macro   0x00000000000074e6      0x371 Src/stm32f7xx_hal_msp.o
 .debug_macro   0x0000000000007857      0x3a9 Src/stm32f7xx_it.o
 .debug_macro   0x0000000000007c00      0x242 Src/syscalls.o
 .debug_macro   0x0000000000007e42      0x174 Src/syscalls.o
 .debug_macro   0x0000000000007fb6       0x10 Src/syscalls.o