wifi_module(1).c:100:6:UART_DMA_Init	16	static
wifi_module(1).c:337:6:DMA1_TransferComplete	0	static
wifi_module(1).c:387:6:DMA2_TransferComplete	8	static
wifi_module(1).c:511:6:Set_WiFi_Control_Variables	0	static
wifi_module(1).c:546:6:Set_WiFi_Counter_Variables	0	static
wifi_module(1).c:452:6:WiFi_Module_Init	8	static
wifi_module(1).c:581:6:WiFi_Configuration	0	static
wifi_module(1).c:607:6:wifi_reset	24	static
wifi_module(1).c:646:6:PowerUp_WiFi_Module	8	static
wifi_module(1).c:658:6:Receive_Data	8	static
wifi_module(1).c:681:6:Receive_DMA_Uart_Data	8	static
wifi_module(1).c:2041:6:Start_Timer	0	static
wifi_module(1).c:2053:6:Stop_Timer	0	static
wifi_module(1).c:2066:6:Stop_Dequeue	0	static
wifi_module(1).c:2077:6:Resume_Dequeue	0	static
wifi_module(1).c:2208:6:WiFi_HAL_UART_TxCpltCallback	0	static
wifi_module(1).c:2225:6:WiFi_HAL_UART_RxCpltCallback	0	static
wifi_module(1).c:2306:15:USART_Receive_AT_Resp	0	static
wifi_module(1).c:2322:6:WiFi_HAL_UART_ErrorCallback	0	static
wifi_module(1).c:2328:6:WiFi_HAL_UART_IdleCallback	8	static
wifi_module(1).c:2344:6:Process_WiFi	8	static
wifi_module(1).c:3108:6:Wait_For_Sock_Read_To_Complete	0	static
wifi_module(1).c:2709:6:Queue_Tftp_Event	24	static
wifi_module(1).c:2733:6:Queue_Mqtt_Connect_Event	16	static
wifi_module(1).c:2753:6:Queue_Mqtt_Event	8	static
wifi_module(1).c:2774:6:Queue_Mqtt_Publish_Event	16	static
wifi_module(1).c:2801:6:Queue_Wifi_Send_Mail_Event	24	static
wifi_module(1).c:2837:6:Queue_Http_Event	24	static
wifi_module(1).c:2862:6:Queue_Client_Write_Event	24	static
wifi_module(1).c:2888:6:Queue_Wifi_File_Create_Event	16	static
wifi_module(1).c:2913:6:Queue_Wifi_File_Event	24	static
wifi_module(1).c:2940:6:Queue_File_Event	24	static
wifi_module(1).c:2967:6:Queue_Wifi_FW_Update_Event	16	static
wifi_module(1).c:2990:6:Queue_Client_Open_Event	24	static
wifi_module(1).c:3017:6:Queue_Server_Open_Event	16	static
wifi_module(1).c:3037:6:Queue_Client_Close_Event	16	static
wifi_module(1).c:3060:6:Queue_Server_Close_Event	16	static
wifi_module(1).c:3074:6:Queue_Client_List_Event	8	static
wifi_module(1).c:3090:6:Queue_Server_List_Event	8	static
wifi_module(1).c:3124:6:Reset_AT_CMD_Buffer	8	static
wifi_module(1).c:3245:6:PrintErrorMsg	0	static
wifi_module(1).c:3257:6:Print_Msg	0	static
wifi_module(1).c:3280:6:WiFi_UART_Error_Handler	0	static
wifi_module(1).c:3297:15:USART_Transmit_AT_Cmd	8	static
wifi_module(1).c:2648:15:wifi_firmware_middleware_version_compatibility	32	static
wifi_module(1).c:3158:15:Read_WiFi_Mode	16	static
wifi_module(1).c:3354:6:Start_DeepSleep_Timer	0	static
wifi_module(1).c:2380:6:Process_DeQed_Wind_Indication	8	static
wifi_module(1).c:3366:6:Stop_DeepSleep_Timer	0	static
wifi_module(1).c:2136:6:Wifi_SysTick_Isr	8	static
wifi_module(1).c:3378:6:WiFi_switch_to_command_mode	8	static
wifi_module(1).c:3400:6:WiFi_switch_to_data_mode	8	static
wifi_module(1).c:3423:15:Attention_Cmd	8	static
wifi_module(1).c:3447:15:Display_Help_Text	8	static
wifi_module(1).c:3470:15:GET_Configuration_Value	24	static
wifi_module(1).c:3511:15:SET_Configuration_Addr	16	static
wifi_module(1).c:3542:15:SET_Configuration_Value	16	static
wifi_module(1).c:3573:15:SET_SSID	16	static
wifi_module(1).c:3606:15:SET_WiFi_SecKey	16	static
wifi_module(1).c:3637:15:Restore_Default_Setting	8	static
wifi_module(1).c:3666:15:Save_Current_Setting	8	static
wifi_module(1).c:3191:15:Write_WiFi_SSID	16	static
wifi_module(1).c:3218:15:Write_WiFi_SecKey	16	static
wifi_module(1).c:3693:6:ResetBuffer	0	static
wifi_module(1).c:3745:15:Attention_Cmd_Check	88	static
wifi_module(1).c:3813:15:WaitForResponse	72	static
wifi_module(1).c:3705:15:config_init_value	16	static
wifi_module(1).c:3728:15:config_init_addr	16	static
wifi_module(1).c:3836:13:ind_wifi_warning	0	static
wifi_module(1).c:3840:13:ind_wifi_error	0	static
wifi_module(1).c:3844:13:ind_wifi_connection_error	0	static
wifi_module(1).c:3848:13:ind_wifi_connected	0	static
wifi_module(1).c:3852:13:ind_wifi_ap_ready	0	static
wifi_module(1).c:3856:13:ind_wifi_ap_client_joined	0	static
wifi_module(1).c:3860:13:ind_wifi_ap_client_left	0	static
wifi_module(1).c:3864:13:ind_wifi_on	0	static
wifi_module(1).c:3868:13:ind_wifi_packet_lost	0	static
wifi_module(1).c:3872:13:ind_wifi_gpio_changed	0	static
wifi_module(1).c:3876:13:ind_wifi_socket_data_received	0	static
wifi_module(1).c:3880:13:ind_wifi_socket_client_remote_server_closed	0	static
wifi_module(1).c:3884:13:ind_wifi_socket_server_data_lost	0	static
wifi_module(1).c:3888:13:ind_socket_server_client_joined	0	static
wifi_module(1).c:3892:13:ind_socket_server_client_left	0	static
wifi_module(1).c:3896:13:ind_wifi_http_data_available	0	static
wifi_module(1).c:3900:13:ind_wifi_file_data_available	0	static
wifi_module(1).c:3904:13:ind_wifi_resuming	0	static
wifi_module(1).c:3908:13:ind_wifi_mqtt_data_received	0	static
wifi_module(1).c:3912:13:ind_wifi_mqtt_closed	0	static
wifi_module(1).c:3916:13:ind_wifi_socket_list_data_available	0	static
wifi_module(1).c:705:6:Wifi_TIM_Handler	32	static
wifi_module(1).c:3920:13:ind_wifi_inputssi_callback	0	static
wifi_module(1).c:3924:13:ind_wifi_output_from_remote_callback	0	static
