stm32f7xx_it(1).c:60:6:NMI_Handler	0	static
stm32f7xx_it(1).c:73:6:HardFault_Handler	0	static
stm32f7xx_it(1).c:91:6:MemManage_Handler	0	static
stm32f7xx_it(1).c:109:6:BusFault_Handler	0	static
stm32f7xx_it(1).c:127:6:UsageFault_Handler	0	static
stm32f7xx_it(1).c:145:6:SVC_Handler	0	static
stm32f7xx_it(1).c:158:6:DebugMon_Handler	0	static
stm32f7xx_it(1).c:171:6:PendSV_Handler	0	static
stm32f7xx_it(1).c:184:6:SysTick_Handler	8	static
stm32f7xx_it(1).c:204:6:TIM3_IRQHandler	8	static
stm32f7xx_it(1).c:214:6:TIM2_IRQHandler	8	static
stm32f7xx_it(1).c:244:6:DMA1_Stream3_IRQHandler	8	static
stm32f7xx_it(1).c:272:6:DMA1_Stream6_IRQHandler	8	static
stm32f7xx_it(1).c:318:6:HAL_UART_RxCpltCallback	8	static
stm32f7xx_it(1).c:331:6:HAL_UART_TxCpltCallback	8	static
stm32f7xx_it(1).c:345:6:HAL_UART_ErrorCallback	8	static
stm32f7xx_it(1).c:355:6:USART2_IRQHandler	8	static
stm32f7xx_it(1).c:366:6:USART3_IRQHandler	8	static
stm32f7xx_it(1).c:376:6:DMA1_Stream1_IRQHandler	8	static
stm32f7xx_it(1).c:385:6:DMA1_Stream5_IRQHandler	8	static
